Archive member included to satisfy reference by file (symbol)

c:/eclipse/cpp-neon/eclipse/plugins/fr.ac6.mcu.externaltools.arm-none.win32_1.7.0.201602121829/tools/compiler/bin/../lib/gcc/arm-none-eabi/5.2.1/armv7e-m/fpu\libgcc.a(_aeabi_uldivmod.o)
                              Drivers/STM32L4xx_HAL_Driver/Src/stm32l4xx_hal_uart.o (__aeabi_uldivmod)
c:/eclipse/cpp-neon/eclipse/plugins/fr.ac6.mcu.externaltools.arm-none.win32_1.7.0.201602121829/tools/compiler/bin/../lib/gcc/arm-none-eabi/5.2.1/armv7e-m/fpu\libgcc.a(_udivmoddi4.o)
                              c:/eclipse/cpp-neon/eclipse/plugins/fr.ac6.mcu.externaltools.arm-none.win32_1.7.0.201602121829/tools/compiler/bin/../lib/gcc/arm-none-eabi/5.2.1/armv7e-m/fpu\libgcc.a(_aeabi_uldivmod.o) (__udivmoddi4)
c:/eclipse/cpp-neon/eclipse/plugins/fr.ac6.mcu.externaltools.arm-none.win32_1.7.0.201602121829/tools/compiler/bin/../lib/gcc/arm-none-eabi/5.2.1/armv7e-m/fpu\libgcc.a(_dvmd_tls.o)
                              c:/eclipse/cpp-neon/eclipse/plugins/fr.ac6.mcu.externaltools.arm-none.win32_1.7.0.201602121829/tools/compiler/bin/../lib/gcc/arm-none-eabi/5.2.1/armv7e-m/fpu\libgcc.a(_aeabi_uldivmod.o) (__aeabi_ldiv0)
c:/eclipse/cpp-neon/eclipse/plugins/fr.ac6.mcu.externaltools.arm-none.win32_1.7.0.201602121829/tools/compiler/bin/../lib/gcc/arm-none-eabi/5.2.1/../../../../arm-none-eabi/lib/armv7e-m/fpu\libc_nano.a(lib_a-exit.o)
                              c:/eclipse/cpp-neon/eclipse/plugins/fr.ac6.mcu.externaltools.arm-none.win32_1.7.0.201602121829/tools/compiler/bin/../lib/gcc/arm-none-eabi/5.2.1/../../../../arm-none-eabi/lib/armv7e-m/fpu/crt0.o (exit)
c:/eclipse/cpp-neon/eclipse/plugins/fr.ac6.mcu.externaltools.arm-none.win32_1.7.0.201602121829/tools/compiler/bin/../lib/gcc/arm-none-eabi/5.2.1/../../../../arm-none-eabi/lib/armv7e-m/fpu\libc_nano.a(lib_a-fflush.o)
                              tests/unity.o (fflush)
c:/eclipse/cpp-neon/eclipse/plugins/fr.ac6.mcu.externaltools.arm-none.win32_1.7.0.201602121829/tools/compiler/bin/../lib/gcc/arm-none-eabi/5.2.1/../../../../arm-none-eabi/lib/armv7e-m/fpu\libc_nano.a(lib_a-findfp.o)
                              c:/eclipse/cpp-neon/eclipse/plugins/fr.ac6.mcu.externaltools.arm-none.win32_1.7.0.201602121829/tools/compiler/bin/../lib/gcc/arm-none-eabi/5.2.1/../../../../arm-none-eabi/lib/armv7e-m/fpu\libc_nano.a(lib_a-fflush.o) (__sinit)
c:/eclipse/cpp-neon/eclipse/plugins/fr.ac6.mcu.externaltools.arm-none.win32_1.7.0.201602121829/tools/compiler/bin/../lib/gcc/arm-none-eabi/5.2.1/../../../../arm-none-eabi/lib/armv7e-m/fpu\libc_nano.a(lib_a-fwalk.o)
                              c:/eclipse/cpp-neon/eclipse/plugins/fr.ac6.mcu.externaltools.arm-none.win32_1.7.0.201602121829/tools/compiler/bin/../lib/gcc/arm-none-eabi/5.2.1/../../../../arm-none-eabi/lib/armv7e-m/fpu\libc_nano.a(lib_a-findfp.o) (_fwalk)
c:/eclipse/cpp-neon/eclipse/plugins/fr.ac6.mcu.externaltools.arm-none.win32_1.7.0.201602121829/tools/compiler/bin/../lib/gcc/arm-none-eabi/5.2.1/../../../../arm-none-eabi/lib/armv7e-m/fpu\libc_nano.a(lib_a-impure.o)
                              c:/eclipse/cpp-neon/eclipse/plugins/fr.ac6.mcu.externaltools.arm-none.win32_1.7.0.201602121829/tools/compiler/bin/../lib/gcc/arm-none-eabi/5.2.1/../../../../arm-none-eabi/lib/armv7e-m/fpu\libc_nano.a(lib_a-exit.o) (_global_impure_ptr)
c:/eclipse/cpp-neon/eclipse/plugins/fr.ac6.mcu.externaltools.arm-none.win32_1.7.0.201602121829/tools/compiler/bin/../lib/gcc/arm-none-eabi/5.2.1/../../../../arm-none-eabi/lib/armv7e-m/fpu\libc_nano.a(lib_a-init.o)
                              c:/eclipse/cpp-neon/eclipse/plugins/fr.ac6.mcu.externaltools.arm-none.win32_1.7.0.201602121829/tools/compiler/bin/../lib/gcc/arm-none-eabi/5.2.1/../../../../arm-none-eabi/lib/armv7e-m/fpu/crt0.o (__libc_init_array)
c:/eclipse/cpp-neon/eclipse/plugins/fr.ac6.mcu.externaltools.arm-none.win32_1.7.0.201602121829/tools/compiler/bin/../lib/gcc/arm-none-eabi/5.2.1/../../../../arm-none-eabi/lib/armv7e-m/fpu\libc_nano.a(lib_a-malloc.o)
                              Middlewares/ST/STM32_USB_Device_Library/Class/HID/Src/usbd_hid.o (malloc)
c:/eclipse/cpp-neon/eclipse/plugins/fr.ac6.mcu.externaltools.arm-none.win32_1.7.0.201602121829/tools/compiler/bin/../lib/gcc/arm-none-eabi/5.2.1/../../../../arm-none-eabi/lib/armv7e-m/fpu\libc_nano.a(lib_a-memcpy-stub.o)
                              Middlewares/Third_Party/FreeRTOS/Source/queue.o (memcpy)
c:/eclipse/cpp-neon/eclipse/plugins/fr.ac6.mcu.externaltools.arm-none.win32_1.7.0.201602121829/tools/compiler/bin/../lib/gcc/arm-none-eabi/5.2.1/../../../../arm-none-eabi/lib/armv7e-m/fpu\libc_nano.a(lib_a-memset.o)
                              c:/eclipse/cpp-neon/eclipse/plugins/fr.ac6.mcu.externaltools.arm-none.win32_1.7.0.201602121829/tools/compiler/bin/../lib/gcc/arm-none-eabi/5.2.1/../../../../arm-none-eabi/lib/armv7e-m/fpu/crt0.o (memset)
[...]
Memory Configuration

Name             Origin             Length             Attributes
FLASH            0x08000000         0x00100000         xr
RAM              0x20000000         0x00018000         xrw
*default*        0x00000000         0xffffffff

Linker script and memory map

LOAD c:/eclipse/cpp-neon/eclipse/plugins/fr.ac6.mcu.externaltools.arm-none.win32_1.7.0.201602121829/tools/compiler/bin/../lib/gcc/arm-none-eabi/5.2.1/armv7e-m/fpu/crti.o
LOAD c:/eclipse/cpp-neon/eclipse/plugins/fr.ac6.mcu.externaltools.arm-none.win32_1.7.0.201602121829/tools/compiler/bin/../lib/gcc/arm-none-eabi/5.2.1/armv7e-m/fpu/crtbegin.o
LOAD c:/eclipse/cpp-neon/eclipse/plugins/fr.ac6.mcu.externaltools.arm-none.win32_1.7.0.201602121829/tools/compiler/bin/../lib/gcc/arm-none-eabi/5.2.1/../../../../arm-none-eabi/lib/armv7e-m/fpu/crt0.o
LOAD c:/eclipse/cpp-neon/eclipse/plugins/fr.ac6.mcu.externaltools.arm-none.win32_1.7.0.201602121829/tools/compiler/bin/../lib/gcc/arm-none-eabi/5.2.1/../../../../arm-none-eabi/lib/armv7e-m/fpu\libm.a
LOAD Drivers/CMSIS/Device/ST/STM32L4xx/Source/Templates/gcc/startup_stm32l476xx.o
LOAD Drivers/CMSIS/Device/ST/STM32L4xx/Source/Templates/system_stm32l4xx.o
LOAD Drivers/STM32L4xx_HAL_Driver/Src/stm32l4xx_hal.o
LOAD Drivers/STM32L4xx_HAL_Driver/Src/stm32l4xx_hal_adc.o
LOAD Drivers/STM32L4xx_HAL_Driver/Src/stm32l4xx_hal_adc_ex.o
LOAD Drivers/STM32L4xx_HAL_Driver/Src/stm32l4xx_hal_cortex.o
LOAD Drivers/STM32L4xx_HAL_Driver/Src/stm32l4xx_hal_crc.o
LOAD Drivers/STM32L4xx_HAL_Driver/Src/stm32l4xx_hal_crc_ex.o
LOAD Drivers/STM32L4xx_HAL_Driver/Src/stm32l4xx_hal_dma.o
LOAD Drivers/STM32L4xx_HAL_Driver/Src/stm32l4xx_hal_flash.o
LOAD Drivers/STM32L4xx_HAL_Driver/Src/stm32l4xx_hal_flash_ex.o
LOAD Drivers/STM32L4xx_HAL_Driver/Src/stm32l4xx_hal_flash_ramfunc.o
LOAD Drivers/STM32L4xx_HAL_Driver/Src/stm32l4xx_hal_gpio.o
LOAD Drivers/STM32L4xx_HAL_Driver/Src/stm32l4xx_hal_i2c.o
LOAD Drivers/STM32L4xx_HAL_Driver/Src/stm32l4xx_hal_i2c_ex.o
LOAD Drivers/STM32L4xx_HAL_Driver/Src/stm32l4xx_hal_iwdg.o
LOAD Drivers/STM32L4xx_HAL_Driver/Src/stm32l4xx_hal_pcd.o
LOAD Drivers/STM32L4xx_HAL_Driver/Src/stm32l4xx_hal_pcd_ex.o
LOAD Drivers/STM32L4xx_HAL_Driver/Src/stm32l4xx_hal_pwr.o
LOAD Drivers/STM32L4xx_HAL_Driver/Src/stm32l4xx_hal_pwr_ex.o
LOAD Drivers/STM32L4xx_HAL_Driver/Src/stm32l4xx_hal_rcc.o
LOAD Drivers/STM32L4xx_HAL_Driver/Src/stm32l4xx_hal_rcc_ex.o
LOAD Drivers/STM32L4xx_HAL_Driver/Src/stm32l4xx_hal_spi.o
LOAD Drivers/STM32L4xx_HAL_Driver/Src/stm32l4xx_hal_spi_ex.o
LOAD Drivers/STM32L4xx_HAL_Driver/Src/stm32l4xx_hal_tim.o
LOAD Drivers/STM32L4xx_HAL_Driver/Src/stm32l4xx_hal_tim_ex.o
LOAD Drivers/STM32L4xx_HAL_Driver/Src/stm32l4xx_hal_uart.o
LOAD Drivers/STM32L4xx_HAL_Driver/Src/stm32l4xx_hal_uart_ex.o
LOAD Drivers/STM32L4xx_HAL_Driver/Src/stm32l4xx_ll_usb.o
LOAD Middlewares/ST/STM32_USB_Device_Library/Class/HID/Src/usbd_hid.o
LOAD Middlewares/ST/STM32_USB_Device_Library/Core/Src/usbd_core.o
LOAD Middlewares/ST/STM32_USB_Device_Library/Core/Src/usbd_ctlreq.o
LOAD Middlewares/ST/STM32_USB_Device_Library/Core/Src/usbd_ioreq.o
LOAD Middlewares/Third_Party/FreeRTOS/Source/CMSIS_RTOS/cmsis_os.o
LOAD Middlewares/Third_Party/FreeRTOS/Source/croutine.o
LOAD Middlewares/Third_Party/FreeRTOS/Source/event_groups.o
LOAD Middlewares/Third_Party/FreeRTOS/Source/list.o
LOAD Middlewares/Third_Party/FreeRTOS/Source/queue.o
LOAD Middlewares/Third_Party/FreeRTOS/Source/tasks.o
LOAD Middlewares/Third_Party/FreeRTOS/Source/timers.o
LOAD Middlewares/Third_Party/FreeRTOS/Source/portable/GCC/ARM_CM4F/port.o
LOAD Middlewares/Third_Party/FreeRTOS/Source/portable/MemMang/heap_4.o
LOAD Src/acc_spi_low_level.o
LOAD Src/adas1000.o
LOAD Src/adas1000_get_save_frame.o
LOAD Src/adc.o
LOAD Src/configure_adas1000.o
LOAD Src/crc.o
LOAD Src/ecg_ring_buffer.o
LOAD Src/frame_ring_buffer.o
LOAD Src/frame_ring_buffer_task.o
LOAD Src/freertos.o
LOAD Src/gpio.o
LOAD Src/iwdg.o
LOAD Src/putchar.o
LOAD Src/spi.o
LOAD Src/spi_low_level.o
LOAD Src/stm32l4xx_hal_msp.o
LOAD Src/stm32l4xx_hal_timebase_TIM.o
LOAD Src/stm32l4xx_it.o
LOAD Src/tim.o
LOAD Src/timer250hz.o
LOAD Src/timer250hz_irqhandler.o
LOAD Src/usart.o
LOAD Src/usbd_conf.o
LOAD Src/usbd_desc.o
LOAD tests/test_acc_spi_low_level.o
LOAD tests/test_adas1000_get_save_frame.o
LOAD tests/test_code_template.o
LOAD tests/test_configure_adas1000.o
LOAD tests/test_ecg_ring_buffer.o
LOAD tests/test_frame_ring_buffer.o
LOAD tests/test_global_runner.o
LOAD tests/test_spi_low_level.o
LOAD tests/unity.o
START GROUP
LOAD c:/eclipse/cpp-neon/eclipse/plugins/fr.ac6.mcu.externaltools.arm-none.win32_1.7.0.201602121829/tools/compiler/bin/../lib/gcc/arm-none-eabi/5.2.1/armv7e-m/fpu\libgcc.a
LOAD c:/eclipse/cpp-neon/eclipse/plugins/fr.ac6.mcu.externaltools.arm-none.win32_1.7.0.201602121829/tools/compiler/bin/../lib/gcc/arm-none-eabi/5.2.1/../../../../arm-none-eabi/lib/armv7e-m/fpu\libc_nano.a
END GROUP
START GROUP
LOAD c:/eclipse/cpp-neon/eclipse/plugins/fr.ac6.mcu.externaltools.arm-none.win32_1.7.0.201602121829/tools/compiler/bin/../lib/gcc/arm-none-eabi/5.2.1/armv7e-m/fpu\libgcc.a
LOAD c:/eclipse/cpp-neon/eclipse/plugins/fr.ac6.mcu.externaltools.arm-none.win32_1.7.0.201602121829/tools/compiler/bin/../lib/gcc/arm-none-eabi/5.2.1/../../../../arm-none-eabi/lib/armv7e-m/fpu\libc_nano.a
LOAD c:/eclipse/cpp-neon/eclipse/plugins/fr.ac6.mcu.externaltools.arm-none.win32_1.7.0.201602121829/tools/compiler/bin/../lib/gcc/arm-none-eabi/5.2.1/../../../../arm-none-eabi/lib/armv7e-m/fpu\libnosys.a
END GROUP
START GROUP
LOAD c:/eclipse/cpp-neon/eclipse/plugins/fr.ac6.mcu.externaltools.arm-none.win32_1.7.0.201602121829/tools/compiler/bin/../lib/gcc/arm-none-eabi/5.2.1/armv7e-m/fpu\libgcc.a
LOAD c:/eclipse/cpp-neon/eclipse/plugins/fr.ac6.mcu.externaltools.arm-none.win32_1.7.0.201602121829/tools/compiler/bin/../lib/gcc/arm-none-eabi/5.2.1/../../../../arm-none-eabi/lib/armv7e-m/fpu\libc_nano.a
LOAD c:/eclipse/cpp-neon/eclipse/plugins/fr.ac6.mcu.externaltools.arm-none.win32_1.7.0.201602121829/tools/compiler/bin/../lib/gcc/arm-none-eabi/5.2.1/../../../../arm-none-eabi/lib/armv7e-m/fpu\libnosys.a
END GROUP
LOAD c:/eclipse/cpp-neon/eclipse/plugins/fr.ac6.mcu.externaltools.arm-none.win32_1.7.0.201602121829/tools/compiler/bin/../lib/gcc/arm-none-eabi/5.2.1/armv7e-m/fpu/crtend.o
LOAD c:/eclipse/cpp-neon/eclipse/plugins/fr.ac6.mcu.externaltools.arm-none.win32_1.7.0.201602121829/tools/compiler/bin/../lib/gcc/arm-none-eabi/5.2.1/armv7e-m/fpu/crtn.o
                0x20018000                _estack = 0x20018000
                0x00000200                _Min_Heap_Size = 0x200
                0x00000400                _Min_Stack_Size = 0x400

.isr_vector     0x08000000      0x190
                0x08000000                . = ALIGN (0x8)
 *(.isr_vector)
 .isr_vector    0x08000000      0x18c Drivers/CMSIS/Device/ST/STM32L4xx/Source/Templates/gcc/startup_stm32l476xx.o
                0x08000000                g_pfnVectors
                0x08000190                . = ALIGN (0x8)
 *fill*         0x0800018c        0x4 

.text           0x08000190     0xbc28
                0x08000190                . = ALIGN (0x8)
 *(.text)
 .text          0x08000190       0xa4 c:/eclipse/cpp-neon/eclipse/plugins/fr.ac6.mcu.externaltools.arm-none.win32_1.7.0.201602121829/tools/compiler/bin/../lib/gcc/arm-none-eabi/5.2.1/armv7e-m/fpu/crtbegin.o
 .text          0x08000234       0x30 c:/eclipse/cpp-neon/eclipse/plugins/fr.ac6.mcu.externaltools.arm-none.win32_1.7.0.201602121829/tools/compiler/bin/../lib/gcc/arm-none-eabi/5.2.1/armv7e-m/fpu\libgcc.a(_aeabi_uldivmod.o)
                0x08000234                __aeabi_uldivmod
 .text          0x08000264      0x2e4 c:/eclipse/cpp-neon/eclipse/plugins/fr.ac6.mcu.externaltools.arm-none.win32_1.7.0.201602121829/tools/compiler/bin/../lib/gcc/arm-none-eabi/5.2.1/armv7e-m/fpu\libgcc.a(_udivmoddi4.o)
                0x08000264                __udivmoddi4
 .text          0x08000548        0x4 c:/eclipse/cpp-neon/eclipse/plugins/fr.ac6.mcu.externaltools.arm-none.win32_1.7.0.201602121829/tools/compiler/bin/../lib/gcc/arm-none-eabi/5.2.1/armv7e-m/fpu\libgcc.a(_dvmd_tls.o)
                0x08000548                __aeabi_idiv0
                0x08000548                __aeabi_ldiv0
 .text          0x0800054c       0x1c c:/eclipse/cpp-neon/eclipse/plugins/fr.ac6.mcu.externaltools.arm-none.win32_1.7.0.201602121829/tools/compiler/bin/../lib/gcc/arm-none-eabi/5.2.1/../../../../arm-none-eabi/lib/armv7e-m/fpu\libc_nano.a(lib_a-setjmp.o)
                0x0800054c                setjmp
                0x08000558                longjmp
 .text          0x08000568       0x10 c:/eclipse/cpp-neon/eclipse/plugins/fr.ac6.mcu.externaltools.arm-none.win32_1.7.0.201602121829/tools/compiler/bin/../lib/gcc/arm-none-eabi/5.2.1/../../../../arm-none-eabi/lib/armv7e-m/fpu\libc_nano.a(lib_a-strlen.o)
                0x08000568                strlen
 *fill*         0x08000578        0x8 
 .text          0x08000580       0xa0 c:/eclipse/cpp-neon/eclipse/plugins/fr.ac6.mcu.externaltools.arm-none.win32_1.7.0.201602121829/tools/compiler/bin/../lib/gcc/arm-none-eabi/5.2.1/../../../../arm-none-eabi/lib/armv7e-m/fpu\libc_nano.a(lib_a-memchr.o)
                0x08000580                memchr
 *(.text*)
 .text.Reset_Handler
                0x08000620       0x50 Drivers/CMSIS/Device/ST/STM32L4xx/Source/Templates/gcc/startup_stm32l476xx.o
                0x08000620                Reset_Handler
 .text.Default_Handler
                0x08000670        0x4 Drivers/CMSIS/Device/ST/STM32L4xx/Source/Templates/gcc/startup_stm32l476xx.o
                0x08000670                RTC_Alarm_IRQHandler
                0x08000670                EXTI2_IRQHandler
                0x08000670                TIM8_TRG_COM_IRQHandler
                0x08000670                TIM8_CC_IRQHandler
                0x08000670                DebugMon_Handler
                0x08000670                DFSDM0_IRQHandler
                0x08000670                TIM1_CC_IRQHandler
                0x08000670                TSC_IRQHandler
                0x08000670                HardFault_Handler
                0x08000670                TAMP_STAMP_IRQHandler
                0x08000670                NMI_Handler
                0x08000670                EXTI3_IRQHandler
                0x08000670                LPTIM2_IRQHandler
                0x08000670                I2C3_ER_IRQHandler
                0x08000670                EXTI0_IRQHandler
                0x08000670                I2C2_EV_IRQHandler
                0x08000670                CAN1_RX0_IRQHandler
                0x08000670                FPU_IRQHandler
                0x08000670                TIM1_UP_TIM16_IRQHandler
                0x08000670                UsageFault_Handler
                0x08000670                ADC1_2_IRQHandler
                0x08000670                SPI1_IRQHandler
                0x08000670                TIM6_DAC_IRQHandler
                0x08000670                TIM8_UP_IRQHandler
                0x08000670                DMA2_Channel2_IRQHandler
                0x08000670                DMA1_Channel4_IRQHandler
                0x08000670                SAI2_IRQHandler
                0x08000670                USART3_IRQHandler
                0x08000670                DMA1_Channel7_IRQHandler
                0x08000670                CAN1_RX1_IRQHandler
                0x08000670                LCD_IRQHandler
                0x08000670                UART5_IRQHandler
                0x08000670                ADC3_IRQHandler
                0x08000670                DMA2_Channel1_IRQHandler
                0x08000670                QUADSPI_IRQHandler
                0x08000670                I2C1_EV_IRQHandler
                0x08000670                DMA1_Channel6_IRQHandler
                0x08000670                UART4_IRQHandler
                0x08000670                DMA2_Channel4_IRQHandler
                0x08000670                RCC_IRQHandler
                0x08000670                DMA1_Channel1_IRQHandler
                0x08000670                Default_Handler
                0x08000670                DMA2_Channel7_IRQHandler
                0x08000670                EXTI15_10_IRQHandler
                0x08000670                TIM7_IRQHandler
                0x08000670                SDMMC1_IRQHandler
                0x08000670                TIM5_IRQHandler
                0x08000670                I2C3_EV_IRQHandler
                0x08000670                DFSDM2_IRQHandler
                0x08000670                RTC_WKUP_IRQHandler
                0x08000670                PVD_PVM_IRQHandler
                0x08000670                SPI2_IRQHandler
                0x08000670                DFSDM3_IRQHandler
                0x08000670                MemManage_Handler
                0x08000670                CAN1_TX_IRQHandler
                0x08000670                DMA2_Channel5_IRQHandler
                0x08000670                DMA1_Channel5_IRQHandler
                0x08000670                EXTI4_IRQHandler
                0x08000670                RNG_IRQHandler
                0x08000670                TIM1_TRG_COM_TIM17_IRQHandler
                0x08000670                DMA1_Channel3_IRQHandler
                0x08000670                COMP_IRQHandler
                0x08000670                WWDG_IRQHandler
                0x08000670                LPUART1_IRQHandler
                0x08000670                DMA2_Channel6_IRQHandler
                0x08000670                TIM2_IRQHandler
                0x08000670                EXTI1_IRQHandler
                0x08000670                USART2_IRQHandler
                0x08000670                I2C2_ER_IRQHandler
                0x08000670                DMA1_Channel2_IRQHandler
                0x08000670                TIM8_BRK_IRQHandler
                0x08000670                CAN1_SCE_IRQHandler
                0x08000670                FLASH_IRQHandler
                0x08000670                BusFault_Handler
                0x08000670                USART1_IRQHandler
                0x08000670                SPI3_IRQHandler
                0x08000670                I2C1_ER_IRQHandler
                0x08000670                FMC_IRQHandler
                0x08000670                SWPMI1_IRQHandler
                0x08000670                LPTIM1_IRQHandler
                0x08000670                DFSDM1_IRQHandler
                0x08000670                SAI1_IRQHandler
                0x08000670                DMA2_Channel3_IRQHandler
                0x08000670                TIM1_BRK_TIM15_IRQHandler
 .text.SystemInit
                0x08000674       0x6c Drivers/CMSIS/Device/ST/STM32L4xx/Source/Templates/system_stm32l4xx.o
                0x08000674                SystemInit
 .text.HAL_Init
                0x080006e0       0x2c Drivers/STM32L4xx_HAL_Driver/Src/stm32l4xx_hal.o
                0x080006e0                HAL_Init
 .text.HAL_IncTick
                0x0800070c       0x1c Drivers/STM32L4xx_HAL_Driver/Src/stm32l4xx_hal.o
                0x0800070c                HAL_IncTick
 .text.HAL_GetTick
                0x08000728       0x18 Drivers/STM32L4xx_HAL_Driver/Src/stm32l4xx_hal.o
                0x08000728                HAL_GetTick
 .text.HAL_Delay
                0x08000740       0x2c Drivers/STM32L4xx_HAL_Driver/Src/stm32l4xx_hal.o
                0x08000740                HAL_Delay
 .text.HAL_ADC_Init
                0x0800076c      0x3f0 Drivers/STM32L4xx_HAL_Driver/Src/stm32l4xx_hal_adc.o
                0x0800076c                HAL_ADC_Init
 .text.HAL_ADC_ConfigChannel
                0x08000b5c      0x868 Drivers/STM32L4xx_HAL_Driver/Src/stm32l4xx_hal_adc.o
                0x08000b5c                HAL_ADC_ConfigChannel
 .text.HAL_ADCEx_MultiModeConfigChannel
                0x080013c4      0x128 Drivers/STM32L4xx_HAL_Driver/Src/stm32l4xx_hal_adc_ex.o
                0x080013c4                HAL_ADCEx_MultiModeConfigChannel
 .text.NVIC_SetPriorityGrouping
                0x080014ec       0x48 Drivers/STM32L4xx_HAL_Driver/Src/stm32l4xx_hal_cortex.o
 .text.NVIC_GetPriorityGrouping
                0x08001534       0x1c Drivers/STM32L4xx_HAL_Driver/Src/stm32l4xx_hal_cortex.o
 .text.NVIC_EnableIRQ
                0x08001550       0x34 Drivers/STM32L4xx_HAL_Driver/Src/stm32l4xx_hal_cortex.o
 .text.NVIC_SetPriority
                0x08001584       0x54 Drivers/STM32L4xx_HAL_Driver/Src/stm32l4xx_hal_cortex.o
 .text.NVIC_EncodePriority
                0x080015d8       0x64 Drivers/STM32L4xx_HAL_Driver/Src/stm32l4xx_hal_cortex.o
 .text.HAL_NVIC_SetPriorityGrouping
                0x0800163c       0x18 Drivers/STM32L4xx_HAL_Driver/Src/stm32l4xx_hal_cortex.o
                0x0800163c                HAL_NVIC_SetPriorityGrouping
 .text.HAL_NVIC_SetPriority
                0x08001654       0x38 Drivers/STM32L4xx_HAL_Driver/Src/stm32l4xx_hal_cortex.o
                0x08001654                HAL_NVIC_SetPriority
 .text.HAL_NVIC_EnableIRQ
                0x0800168c       0x1c Drivers/STM32L4xx_HAL_Driver/Src/stm32l4xx_hal_cortex.o
                0x0800168c                HAL_NVIC_EnableIRQ
 .text.HAL_CRC_Init
                0x080016a8       0xc8 Drivers/STM32L4xx_HAL_Driver/Src/stm32l4xx_hal_crc.o
                0x080016a8                HAL_CRC_Init
 .text.HAL_CRCEx_Polynomial_Set
                0x08001770       0xf4 Drivers/STM32L4xx_HAL_Driver/Src/stm32l4xx_hal_crc_ex.o
                0x08001770                HAL_CRCEx_Polynomial_Set
 .text.HAL_GPIO_Init
                0x08001864      0x358 Drivers/STM32L4xx_HAL_Driver/Src/stm32l4xx_hal_gpio.o
                0x08001864                HAL_GPIO_Init
 .text.HAL_GPIO_WritePin
                0x08001bbc       0x30 Drivers/STM32L4xx_HAL_Driver/Src/stm32l4xx_hal_gpio.o
                0x08001bbc                HAL_GPIO_WritePin
 .text.HAL_GPIO_EXTI_IRQHandler
                0x08001bec       0x30 Drivers/STM32L4xx_HAL_Driver/Src/stm32l4xx_hal_gpio.o
                0x08001bec                HAL_GPIO_EXTI_IRQHandler
 .text.HAL_GPIO_EXTI_Callback
                0x08001c1c       0x18 Drivers/STM32L4xx_HAL_Driver/Src/stm32l4xx_hal_gpio.o
                0x08001c1c                HAL_GPIO_EXTI_Callback
 .text.HAL_IWDG_Init
                0x08001c34       0xf4 Drivers/STM32L4xx_HAL_Driver/Src/stm32l4xx_hal_iwdg.o
                0x08001c34                HAL_IWDG_Init
 .text.HAL_IWDG_MspInit
                0x08001d28       0x14 Drivers/STM32L4xx_HAL_Driver/Src/stm32l4xx_hal_iwdg.o
                0x08001d28                HAL_IWDG_MspInit
 .text.HAL_PCD_Init
                0x08001d3c      0x23c Drivers/STM32L4xx_HAL_Driver/Src/stm32l4xx_hal_pcd.o
                0x08001d3c                HAL_PCD_Init
 .text.HAL_PCD_Start
                0x08001f78       0x44 Drivers/STM32L4xx_HAL_Driver/Src/stm32l4xx_hal_pcd.o
                0x08001f78                HAL_PCD_Start
 .text.HAL_PCD_IRQHandler
                0x08001fbc      0x96c Drivers/STM32L4xx_HAL_Driver/Src/stm32l4xx_hal_pcd.o
                0x08001fbc                HAL_PCD_IRQHandler
 .text.HAL_PCD_SetAddress
                0x08002928       0x4c Drivers/STM32L4xx_HAL_Driver/Src/stm32l4xx_hal_pcd.o
                0x08002928                HAL_PCD_SetAddress
 .text.HAL_PCD_EP_Open
                0x08002974       0xb4 Drivers/STM32L4xx_HAL_Driver/Src/stm32l4xx_hal_pcd.o
                0x08002974                HAL_PCD_EP_Open
 .text.HAL_PCD_EP_Close
                0x08002a28       0x98 Drivers/STM32L4xx_HAL_Driver/Src/stm32l4xx_hal_pcd.o
                0x08002a28                HAL_PCD_EP_Close
 .text.HAL_PCD_EP_Receive
                0x08002ac0       0xa8 Drivers/STM32L4xx_HAL_Driver/Src/stm32l4xx_hal_pcd.o
                0x08002ac0                HAL_PCD_EP_Receive
 .text.HAL_PCD_EP_Transmit
                0x08002b68       0xa8 Drivers/STM32L4xx_HAL_Driver/Src/stm32l4xx_hal_pcd.o
                0x08002b68                HAL_PCD_EP_Transmit
 .text.HAL_PCD_EP_SetStall
                0x08002c10       0xb8 Drivers/STM32L4xx_HAL_Driver/Src/stm32l4xx_hal_pcd.o
                0x08002c10                HAL_PCD_EP_SetStall
 .text.HAL_PCD_EP_ClrStall
                0x08002cc8       0x98 Drivers/STM32L4xx_HAL_Driver/Src/stm32l4xx_hal_pcd.o
                0x08002cc8                HAL_PCD_EP_ClrStall
 .text.PCD_WriteEmptyTxFifo
                0x08002d60      0x11c Drivers/STM32L4xx_HAL_Driver/Src/stm32l4xx_hal_pcd.o
 .text.HAL_PCDEx_SetTxFiFo
                0x08002e7c       0x9c Drivers/STM32L4xx_HAL_Driver/Src/stm32l4xx_hal_pcd_ex.o
                0x08002e7c                HAL_PCDEx_SetTxFiFo
 .text.HAL_PCDEx_SetRxFiFo
                0x08002f18       0x24 Drivers/STM32L4xx_HAL_Driver/Src/stm32l4xx_hal_pcd_ex.o
                0x08002f18                HAL_PCDEx_SetRxFiFo
 .text.HAL_PCDEx_ActivateLPM
                0x08002f3c       0x48 Drivers/STM32L4xx_HAL_Driver/Src/stm32l4xx_hal_pcd_ex.o
                0x08002f3c                HAL_PCDEx_ActivateLPM
 .text.HAL_PCDEx_ActivateBCD
                0x08002f84       0x30 Drivers/STM32L4xx_HAL_Driver/Src/stm32l4xx_hal_pcd_ex.o
                0x08002f84                HAL_PCDEx_ActivateBCD
 .text.HAL_PCDEx_LPM_Callback
                0x08002fb4       0x18 Drivers/STM32L4xx_HAL_Driver/Src/stm32l4xx_hal_pcd_ex.o
                0x08002fb4                HAL_PCDEx_LPM_Callback
 .text.HAL_PWREx_GetVoltageRange
                0x08002fcc       0x1c Drivers/STM32L4xx_HAL_Driver/Src/stm32l4xx_hal_pwr_ex.o
                0x08002fcc                HAL_PWREx_GetVoltageRange
 .text.HAL_PWREx_EnableVddUSB
                0x08002fe8       0x20 Drivers/STM32L4xx_HAL_Driver/Src/stm32l4xx_hal_pwr_ex.o
                0x08002fe8                HAL_PWREx_EnableVddUSB
 .text.HAL_RCC_OscConfig
                0x08003008      0x780 Drivers/STM32L4xx_HAL_Driver/Src/stm32l4xx_hal_rcc.o
                0x08003008                HAL_RCC_OscConfig
 .text.HAL_RCC_ClockConfig
                0x08003788      0x244 Drivers/STM32L4xx_HAL_Driver/Src/stm32l4xx_hal_rcc.o
                0x08003788                HAL_RCC_ClockConfig
 .text.HAL_RCC_GetSysClockFreq
                0x080039cc      0x1f4 Drivers/STM32L4xx_HAL_Driver/Src/stm32l4xx_hal_rcc.o
                0x080039cc                HAL_RCC_GetSysClockFreq
 .text.HAL_RCC_GetHCLKFreq
                0x08003bc0       0x18 Drivers/STM32L4xx_HAL_Driver/Src/stm32l4xx_hal_rcc.o
                0x08003bc0                HAL_RCC_GetHCLKFreq
 .text.HAL_RCC_GetPCLK1Freq
                0x08003bd8       0x44 Drivers/STM32L4xx_HAL_Driver/Src/stm32l4xx_hal_rcc.o
                0x08003bd8                HAL_RCC_GetPCLK1Freq
 .text.HAL_RCC_GetPCLK2Freq
                0x08003c1c       0x44 Drivers/STM32L4xx_HAL_Driver/Src/stm32l4xx_hal_rcc.o
                0x08003c1c                HAL_RCC_GetPCLK2Freq
 .text.HAL_RCC_GetClockConfig
                0x08003c60       0x64 Drivers/STM32L4xx_HAL_Driver/Src/stm32l4xx_hal_rcc.o
                0x08003c60                HAL_RCC_GetClockConfig
 .text.RCC_SetFlashLatencyFromMSIRange
                0x08003cc4       0xc4 Drivers/STM32L4xx_HAL_Driver/Src/stm32l4xx_hal_rcc.o
 .text.HAL_RCCEx_PeriphCLKConfig
                0x08003d88      0x5a8 Drivers/STM32L4xx_HAL_Driver/Src/stm32l4xx_hal_rcc_ex.o
                0x08003d88                HAL_RCCEx_PeriphCLKConfig
 .text.HAL_RCCEx_DisableLSECSS
                0x08004330       0x30 Drivers/STM32L4xx_HAL_Driver/Src/stm32l4xx_hal_rcc_ex.o
                0x08004330                HAL_RCCEx_DisableLSECSS
 .text.HAL_RCCEx_EnableMSIPLLMode
                0x08004360       0x20 Drivers/STM32L4xx_HAL_Driver/Src/stm32l4xx_hal_rcc_ex.o
                0x08004360                HAL_RCCEx_EnableMSIPLLMode
 .text.RCCEx_PLLSAI1_ConfigNP
                0x08004380       0xf8 Drivers/STM32L4xx_HAL_Driver/Src/stm32l4xx_hal_rcc_ex.o
 .text.RCCEx_PLLSAI1_ConfigNQ
                0x08004478       0xf8 Drivers/STM32L4xx_HAL_Driver/Src/stm32l4xx_hal_rcc_ex.o
 .text.RCCEx_PLLSAI1_ConfigNR
                0x08004570       0xf8 Drivers/STM32L4xx_HAL_Driver/Src/stm32l4xx_hal_rcc_ex.o
 .text.RCCEx_PLLSAI2_ConfigNP
                0x08004668       0xf8 Drivers/STM32L4xx_HAL_Driver/Src/stm32l4xx_hal_rcc_ex.o
 .text.RCCEx_PLLSAI2_ConfigNR
                0x08004760       0xf8 Drivers/STM32L4xx_HAL_Driver/Src/stm32l4xx_hal_rcc_ex.o
 .text.HAL_SPI_Init
                0x08004858      0x12c Drivers/STM32L4xx_HAL_Driver/Src/stm32l4xx_hal_spi.o
                0x08004858                HAL_SPI_Init
 .text.HAL_TIM_Base_Init
                0x08004984       0x58 Drivers/STM32L4xx_HAL_Driver/Src/stm32l4xx_hal_tim.o
                0x08004984                HAL_TIM_Base_Init
 .text.HAL_TIM_Base_Start_IT
                0x080049dc       0x38 Drivers/STM32L4xx_HAL_Driver/Src/stm32l4xx_hal_tim.o
                0x080049dc                HAL_TIM_Base_Start_IT
 .text.HAL_TIM_IRQHandler
                0x08004a14      0x210 Drivers/STM32L4xx_HAL_Driver/Src/stm32l4xx_hal_tim.o
                0x08004a14                HAL_TIM_IRQHandler
 .text.HAL_TIM_ConfigClockSource
                0x08004c24      0x1c4 Drivers/STM32L4xx_HAL_Driver/Src/stm32l4xx_hal_tim.o
                0x08004c24                HAL_TIM_ConfigClockSource
 .text.HAL_TIM_OC_DelayElapsedCallback
                0x08004de8       0x14 Drivers/STM32L4xx_HAL_Driver/Src/stm32l4xx_hal_tim.o
                0x08004de8                HAL_TIM_OC_DelayElapsedCallback
 .text.HAL_TIM_IC_CaptureCallback
                0x08004dfc       0x14 Drivers/STM32L4xx_HAL_Driver/Src/stm32l4xx_hal_tim.o
                0x08004dfc                HAL_TIM_IC_CaptureCallback
 .text.HAL_TIM_PWM_PulseFinishedCallback
                0x08004e10       0x14 Drivers/STM32L4xx_HAL_Driver/Src/stm32l4xx_hal_tim.o
                0x08004e10                HAL_TIM_PWM_PulseFinishedCallback
 .text.HAL_TIM_TriggerCallback
                0x08004e24       0x14 Drivers/STM32L4xx_HAL_Driver/Src/stm32l4xx_hal_tim.o
                0x08004e24                HAL_TIM_TriggerCallback
 .text.TIM_Base_SetConfig
                0x08004e38      0x128 Drivers/STM32L4xx_HAL_Driver/Src/stm32l4xx_hal_tim.o
                0x08004e38                TIM_Base_SetConfig
 .text.TIM_TI1_ConfigInputStage
                0x08004f60       0x68 Drivers/STM32L4xx_HAL_Driver/Src/stm32l4xx_hal_tim.o
 .text.TIM_TI2_ConfigInputStage
                0x08004fc8       0x68 Drivers/STM32L4xx_HAL_Driver/Src/stm32l4xx_hal_tim.o
 .text.TIM_ITRx_SetConfig
                0x08005030       0x40 Drivers/STM32L4xx_HAL_Driver/Src/stm32l4xx_hal_tim.o
 .text.TIM_ETR_SetConfig
                0x08005070       0x44 Drivers/STM32L4xx_HAL_Driver/Src/stm32l4xx_hal_tim.o
                0x08005070                TIM_ETR_SetConfig
 .text.HAL_TIMEx_MasterConfigSynchronization
                0x080050b4       0xa8 Drivers/STM32L4xx_HAL_Driver/Src/stm32l4xx_hal_tim_ex.o
                0x080050b4                HAL_TIMEx_MasterConfigSynchronization
 .text.HAL_TIMEx_CommutationCallback
                0x0800515c       0x14 Drivers/STM32L4xx_HAL_Driver/Src/stm32l4xx_hal_tim_ex.o
                0x0800515c                HAL_TIMEx_CommutationCallback
 .text.HAL_TIMEx_BreakCallback
                0x08005170       0x14 Drivers/STM32L4xx_HAL_Driver/Src/stm32l4xx_hal_tim_ex.o
                0x08005170                HAL_TIMEx_BreakCallback
 .text.HAL_UART_Init
                0x08005184       0xa4 Drivers/STM32L4xx_HAL_Driver/Src/stm32l4xx_hal_uart.o
                0x08005184                HAL_UART_Init
 .text.HAL_UART_Transmit
                0x08005228      0x140 Drivers/STM32L4xx_HAL_Driver/Src/stm32l4xx_hal_uart.o
                0x08005228                HAL_UART_Transmit
 .text.UART_SetConfig
                0x08005368      0x648 Drivers/STM32L4xx_HAL_Driver/Src/stm32l4xx_hal_uart.o
                0x08005368                UART_SetConfig
 .text.UART_AdvFeatureConfig
                0x080059b0      0x144 Drivers/STM32L4xx_HAL_Driver/Src/stm32l4xx_hal_uart.o
                0x080059b0                UART_AdvFeatureConfig
 .text.UART_CheckIdleState
                0x08005af4       0x78 Drivers/STM32L4xx_HAL_Driver/Src/stm32l4xx_hal_uart.o
                0x08005af4                UART_CheckIdleState
 .text.UART_WaitOnFlagUntilTimeout
                0x08005b6c      0x130 Drivers/STM32L4xx_HAL_Driver/Src/stm32l4xx_hal_uart.o
                0x08005b6c                UART_WaitOnFlagUntilTimeout
 .text.USB_CoreInit
                0x08005c9c       0x48 Drivers/STM32L4xx_HAL_Driver/Src/stm32l4xx_ll_usb.o
                0x08005c9c                USB_CoreInit
 .text.USB_EnableGlobalInt
                0x08005ce4       0x24 Drivers/STM32L4xx_HAL_Driver/Src/stm32l4xx_ll_usb.o
                0x08005ce4                USB_EnableGlobalInt
 .text.USB_DisableGlobalInt
                0x08005d08       0x24 Drivers/STM32L4xx_HAL_Driver/Src/stm32l4xx_ll_usb.o
                0x08005d08                USB_DisableGlobalInt
 .text.USB_SetCurrentMode
                0x08005d2c       0x50 Drivers/STM32L4xx_HAL_Driver/Src/stm32l4xx_ll_usb.o
                0x08005d2c                USB_SetCurrentMode
 .text.USB_DevInit
                0x08005d7c      0x250 Drivers/STM32L4xx_HAL_Driver/Src/stm32l4xx_ll_usb.o
                0x08005d7c                USB_DevInit
 .text.USB_FlushTxFifo
                0x08005fcc       0x4c Drivers/STM32L4xx_HAL_Driver/Src/stm32l4xx_ll_usb.o
                0x08005fcc                USB_FlushTxFifo
 .text.USB_FlushRxFifo
                0x08006018       0x44 Drivers/STM32L4xx_HAL_Driver/Src/stm32l4xx_ll_usb.o
                0x08006018                USB_FlushRxFifo
 .text.USB_SetDevSpeed
                0x0800605c       0x30 Drivers/STM32L4xx_HAL_Driver/Src/stm32l4xx_ll_usb.o
                0x0800605c                USB_SetDevSpeed
 .text.USB_ActivateEndpoint
                0x0800608c      0x114 Drivers/STM32L4xx_HAL_Driver/Src/stm32l4xx_ll_usb.o
                0x0800608c                USB_ActivateEndpoint
 .text.USB_DeactivateEndpoint
                0x080061a0       0xf8 Drivers/STM32L4xx_HAL_Driver/Src/stm32l4xx_ll_usb.o
                0x080061a0                USB_DeactivateEndpoint
 .text.USB_EPStartXfer
                0x08006298      0x44c Drivers/STM32L4xx_HAL_Driver/Src/stm32l4xx_ll_usb.o
                0x08006298                USB_EPStartXfer
 .text.USB_EP0StartXfer
                0x080066e4      0x284 Drivers/STM32L4xx_HAL_Driver/Src/stm32l4xx_ll_usb.o
                0x080066e4                USB_EP0StartXfer
 .text.USB_WritePacket
                0x08006968       0x68 Drivers/STM32L4xx_HAL_Driver/Src/stm32l4xx_ll_usb.o
                0x08006968                USB_WritePacket
 .text.USB_ReadPacket
                0x080069d0       0x54 Drivers/STM32L4xx_HAL_Driver/Src/stm32l4xx_ll_usb.o
                0x080069d0                USB_ReadPacket
 .text.USB_EPSetStall
                0x08006a24       0xe4 Drivers/STM32L4xx_HAL_Driver/Src/stm32l4xx_ll_usb.o
                0x08006a24                USB_EPSetStall
 .text.USB_EPClearStall
                0x08006b08       0xdc Drivers/STM32L4xx_HAL_Driver/Src/stm32l4xx_ll_usb.o
                0x08006b08                USB_EPClearStall
 .text.USB_SetDevAddress
                0x08006be4       0x4c Drivers/STM32L4xx_HAL_Driver/Src/stm32l4xx_ll_usb.o
                0x08006be4                USB_SetDevAddress
 .text.USB_DevConnect
                0x08006c30       0x30 Drivers/STM32L4xx_HAL_Driver/Src/stm32l4xx_ll_usb.o
                0x08006c30                USB_DevConnect
 .text.USB_DevDisconnect
                0x08006c60       0x30 Drivers/STM32L4xx_HAL_Driver/Src/stm32l4xx_ll_usb.o
                0x08006c60                USB_DevDisconnect
 .text.USB_ReadInterrupts
                0x08006c90       0x2c Drivers/STM32L4xx_HAL_Driver/Src/stm32l4xx_ll_usb.o
                0x08006c90                USB_ReadInterrupts
 .text.USB_ReadDevAllOutEpInterrupt
                0x08006cbc       0x30 Drivers/STM32L4xx_HAL_Driver/Src/stm32l4xx_ll_usb.o
                0x08006cbc                USB_ReadDevAllOutEpInterrupt
 .text.USB_ReadDevAllInEpInterrupt
                0x08006cec       0x30 Drivers/STM32L4xx_HAL_Driver/Src/stm32l4xx_ll_usb.o
                0x08006cec                USB_ReadDevAllInEpInterrupt
 .text.USB_ReadDevOutEPInterrupt
                0x08006d1c       0x38 Drivers/STM32L4xx_HAL_Driver/Src/stm32l4xx_ll_usb.o
                0x08006d1c                USB_ReadDevOutEPInterrupt
 .text.USB_ReadDevInEPInterrupt
                0x08006d54       0x60 Drivers/STM32L4xx_HAL_Driver/Src/stm32l4xx_ll_usb.o
                0x08006d54                USB_ReadDevInEPInterrupt
 .text.USB_GetMode
                0x08006db4       0x1c Drivers/STM32L4xx_HAL_Driver/Src/stm32l4xx_ll_usb.o
                0x08006db4                USB_GetMode
 .text.USB_ActivateSetup
                0x08006dd0       0x6c Drivers/STM32L4xx_HAL_Driver/Src/stm32l4xx_ll_usb.o
                0x08006dd0                USB_ActivateSetup
 .text.USB_EP0_OutStart
                0x08006e3c       0x6c Drivers/STM32L4xx_HAL_Driver/Src/stm32l4xx_ll_usb.o
                0x08006e3c                USB_EP0_OutStart
 .text.USB_CoreReset
                0x08006ea8       0x68 Drivers/STM32L4xx_HAL_Driver/Src/stm32l4xx_ll_usb.o
 .text.USBD_HID_Init
                0x08006f10       0x50 Middlewares/ST/STM32_USB_Device_Library/Class/HID/Src/usbd_hid.o
 .text.USBD_HID_DeInit
                0x08006f60       0x3c Middlewares/ST/STM32_USB_Device_Library/Class/HID/Src/usbd_hid.o
 .text.USBD_HID_Setup
                0x08006f9c      0x138 Middlewares/ST/STM32_USB_Device_Library/Class/HID/Src/usbd_hid.o
 .text.USBD_HID_SendReport
                0x080070d4       0x44 Middlewares/ST/STM32_USB_Device_Library/Class/HID/Src/usbd_hid.o
                0x080070d4                USBD_HID_SendReport
 .text.USBD_HID_GetCfgDesc
                0x08007118       0x20 Middlewares/ST/STM32_USB_Device_Library/Class/HID/Src/usbd_hid.o
 .text.USBD_HID_DataIn
                0x08007138       0x24 Middlewares/ST/STM32_USB_Device_Library/Class/HID/Src/usbd_hid.o
 .text.USBD_HID_GetDeviceQualifierDesc
                0x0800715c       0x20 Middlewares/ST/STM32_USB_Device_Library/Class/HID/Src/usbd_hid.o
 .text.USBD_Init
                0x0800717c       0x58 Middlewares/ST/STM32_USB_Device_Library/Core/Src/usbd_core.o
                0x0800717c                USBD_Init
 .text.USBD_RegisterClass
                0x080071d4       0x34 Middlewares/ST/STM32_USB_Device_Library/Core/Src/usbd_core.o
                0x080071d4                USBD_RegisterClass
 .text.USBD_Start
                0x08007208       0x18 Middlewares/ST/STM32_USB_Device_Library/Core/Src/usbd_core.o
                0x08007208                USBD_Start
 .text.USBD_RunTestMode
                0x08007220       0x18 Middlewares/ST/STM32_USB_Device_Library/Core/Src/usbd_core.o
                0x08007220                USBD_RunTestMode
 .text.USBD_SetClassConfig
                0x08007238       0x40 Middlewares/ST/STM32_USB_Device_Library/Core/Src/usbd_core.o
                0x08007238                USBD_SetClassConfig
 .text.USBD_ClrClassConfig
                0x08007278       0x28 Middlewares/ST/STM32_USB_Device_Library/Core/Src/usbd_core.o
                0x08007278                USBD_ClrClassConfig
 .text.USBD_LL_SetupStage
                0x080072a0       0x94 Middlewares/ST/STM32_USB_Device_Library/Core/Src/usbd_core.o
                0x080072a0                USBD_LL_SetupStage
 .text.USBD_LL_DataOutStage
                0x08007334       0xb8 Middlewares/ST/STM32_USB_Device_Library/Core/Src/usbd_core.o
                0x08007334                USBD_LL_DataOutStage
 .text.USBD_LL_DataInStage
                0x080073ec      0x120 Middlewares/ST/STM32_USB_Device_Library/Core/Src/usbd_core.o
                0x080073ec                USBD_LL_DataInStage
 .text.USBD_LL_Reset
                0x0800750c       0x60 Middlewares/ST/STM32_USB_Device_Library/Core/Src/usbd_core.o
                0x0800750c                USBD_LL_Reset
 .text.USBD_LL_SetSpeed
                0x0800756c       0x20 Middlewares/ST/STM32_USB_Device_Library/Core/Src/usbd_core.o
                0x0800756c                USBD_LL_SetSpeed
 .text.USBD_LL_Suspend
                0x0800758c       0x2c Middlewares/ST/STM32_USB_Device_Library/Core/Src/usbd_core.o
                0x0800758c                USBD_LL_Suspend
 .text.USBD_LL_Resume
                0x080075b8       0x24 Middlewares/ST/STM32_USB_Device_Library/Core/Src/usbd_core.o
                0x080075b8                USBD_LL_Resume
 .text.USBD_LL_SOF
                0x080075dc       0x34 Middlewares/ST/STM32_USB_Device_Library/Core/Src/usbd_core.o
                0x080075dc                USBD_LL_SOF
 .text.USBD_LL_IsoINIncomplete
                0x08007610       0x1c Middlewares/ST/STM32_USB_Device_Library/Core/Src/usbd_core.o
                0x08007610                USBD_LL_IsoINIncomplete
 .text.USBD_LL_IsoOUTIncomplete
                0x0800762c       0x1c Middlewares/ST/STM32_USB_Device_Library/Core/Src/usbd_core.o
                0x0800762c                USBD_LL_IsoOUTIncomplete
 .text.USBD_LL_DevConnected
                0x08007648       0x18 Middlewares/ST/STM32_USB_Device_Library/Core/Src/usbd_core.o
                0x08007648                USBD_LL_DevConnected
 .text.USBD_LL_DevDisconnected
                0x08007660       0x30 Middlewares/ST/STM32_USB_Device_Library/Core/Src/usbd_core.o
                0x08007660                USBD_LL_DevDisconnected
 .text.USBD_StdDevReq
                0x08007690       0xa0 Middlewares/ST/STM32_USB_Device_Library/Core/Src/usbd_ctlreq.o
                0x08007690                USBD_StdDevReq
 .text.USBD_StdItfReq
                0x08007730       0x68 Middlewares/ST/STM32_USB_Device_Library/Core/Src/usbd_ctlreq.o
                0x08007730                USBD_StdItfReq
 .text.USBD_StdEPReq
                0x08007798      0x1b0 Middlewares/ST/STM32_USB_Device_Library/Core/Src/usbd_ctlreq.o
                0x08007798                USBD_StdEPReq
 .text.USBD_GetDescriptor
                0x08007948      0x230 Middlewares/ST/STM32_USB_Device_Library/Core/Src/usbd_ctlreq.o
 .text.USBD_SetAddress
                0x08007b78       0x7c Middlewares/ST/STM32_USB_Device_Library/Core/Src/usbd_ctlreq.o
 .text.USBD_SetConfig
                0x08007bf4      0x110 Middlewares/ST/STM32_USB_Device_Library/Core/Src/usbd_ctlreq.o
 .text.USBD_GetConfig
                0x08007d04       0x64 Middlewares/ST/STM32_USB_Device_Library/Core/Src/usbd_ctlreq.o
 .text.USBD_GetStatus
                0x08007d68       0x54 Middlewares/ST/STM32_USB_Device_Library/Core/Src/usbd_ctlreq.o
 .text.USBD_SetFeature
                0x08007dbc       0x38 Middlewares/ST/STM32_USB_Device_Library/Core/Src/usbd_ctlreq.o
 .text.USBD_ClrFeature
                0x08007df4       0x50 Middlewares/ST/STM32_USB_Device_Library/Core/Src/usbd_ctlreq.o
 .text.USBD_ParseSetupRequest
                0x08007e44       0x7c Middlewares/ST/STM32_USB_Device_Library/Core/Src/usbd_ctlreq.o
                0x08007e44                USBD_ParseSetupRequest
 .text.USBD_CtlError
                0x08007ec0       0x24 Middlewares/ST/STM32_USB_Device_Library/Core/Src/usbd_ctlreq.o
                0x08007ec0                USBD_CtlError
 .text.USBD_GetString
                0x08007ee4       0x88 Middlewares/ST/STM32_USB_Device_Library/Core/Src/usbd_ctlreq.o
                0x08007ee4                USBD_GetString
 .text.USBD_GetLen
                0x08007f6c       0x30 Middlewares/ST/STM32_USB_Device_Library/Core/Src/usbd_ctlreq.o
 .text.USBD_CtlSendData
                0x08007f9c       0x38 Middlewares/ST/STM32_USB_Device_Library/Core/Src/usbd_ioreq.o
                0x08007f9c                USBD_CtlSendData
 .text.USBD_CtlContinueSendData
                0x08007fd4       0x24 Middlewares/ST/STM32_USB_Device_Library/Core/Src/usbd_ioreq.o
                0x08007fd4                USBD_CtlContinueSendData
 .text.USBD_CtlContinueRx
                0x08007ff8       0x24 Middlewares/ST/STM32_USB_Device_Library/Core/Src/usbd_ioreq.o
                0x08007ff8                USBD_CtlContinueRx
 .text.USBD_CtlSendStatus
                0x0800801c       0x28 Middlewares/ST/STM32_USB_Device_Library/Core/Src/usbd_ioreq.o
                0x0800801c                USBD_CtlSendStatus
 .text.USBD_CtlReceiveStatus
                0x08008044       0x28 Middlewares/ST/STM32_USB_Device_Library/Core/Src/usbd_ioreq.o
                0x08008044                USBD_CtlReceiveStatus
 .text.osSystickHandler
                0x0800806c       0x18 Middlewares/Third_Party/FreeRTOS/Source/CMSIS_RTOS/cmsis_os.o
                0x0800806c                osSystickHandler
 .text.vListInsertEnd
                0x08008084       0x48 Middlewares/Third_Party/FreeRTOS/Source/list.o
                0x08008084                vListInsertEnd
 .text.uxListRemove
                0x080080cc       0x54 Middlewares/Third_Party/FreeRTOS/Source/list.o
                0x080080cc                uxListRemove
 .text.xTaskIncrementTick
                0x08008120      0x17c Middlewares/Third_Party/FreeRTOS/Source/tasks.o
                0x08008120                xTaskIncrementTick
 .text.vTaskSwitchContext
                0x0800829c       0xb4 Middlewares/Third_Party/FreeRTOS/Source/tasks.o
                0x0800829c                vTaskSwitchContext
 .text.prvResetNextTaskUnblockTime
                0x08008350       0x4c Middlewares/Third_Party/FreeRTOS/Source/tasks.o
 .text.xTaskGetSchedulerState
                0x0800839c       0x3c Middlewares/Third_Party/FreeRTOS/Source/tasks.o
                0x0800839c                xTaskGetSchedulerState
 .text.SVC_Handler
                0x080083d8       0x24 Middlewares/Third_Party/FreeRTOS/Source/portable/GCC/ARM_CM4F/port.o
                0x080083d8                SVC_Handler
 .text.PendSV_Handler
                0x080083fc       0x64 Middlewares/Third_Party/FreeRTOS/Source/portable/GCC/ARM_CM4F/port.o
                0x080083fc                PendSV_Handler
 .text.xPortSysTickHandler
                0x08008460       0x48 Middlewares/Third_Party/FreeRTOS/Source/portable/GCC/ARM_CM4F/port.o
                0x08008460                xPortSysTickHandler
 .text.read_frame
                0x080084a8      0x164 Src/adas1000_get_save_frame.o
                0x080084a8                read_frame
 .text.MX_ADC1_Init
                0x0800860c       0xa8 Src/adc.o
                0x0800860c                MX_ADC1_Init
 .text.HAL_ADC_MspInit
                0x080086b4       0x54 Src/adc.o
                0x080086b4                HAL_ADC_MspInit
 .text.reset_adas1000
                0x08008708       0x4c Src/configure_adas1000.o
                0x08008708                reset_adas1000
 .text.configure_register
                0x08008754       0x40 Src/configure_adas1000.o
                0x08008754                configure_register
 .text.configure_adas1000
                0x08008794       0x8c Src/configure_adas1000.o
                0x08008794                configure_adas1000
 .text.MX_CRC_Init
                0x08008820       0x3c Src/crc.o
                0x08008820                MX_CRC_Init
 .text.HAL_CRC_MspInit
                0x0800885c       0x40 Src/crc.o
                0x0800885c                HAL_CRC_MspInit
 .text.ecg_ring_buffer_initialization
                0x0800889c       0x7c Src/ecg_ring_buffer.o
                0x0800889c                ecg_ring_buffer_initialization
 .text.ecg_ring_buffer_push
                0x08008918       0x74 Src/ecg_ring_buffer.o
                0x08008918                ecg_ring_buffer_push
 .text.ecg_ring_buffer_pop
                0x0800898c       0x88 Src/ecg_ring_buffer.o
                0x0800898c                ecg_ring_buffer_pop
 .text.frame_ring_buffer_initialization
                0x08008a14      0x12c Src/frame_ring_buffer.o
                0x08008a14                frame_ring_buffer_initialization
 .text.frame_ring_buffer_push
                0x08008b40       0xf0 Src/frame_ring_buffer.o
                0x08008b40                frame_ring_buffer_push
 .text.frame_ring_buffer_pop
                0x08008c30      0x11c Src/frame_ring_buffer.o
                0x08008c30                frame_ring_buffer_pop
 .text.MX_GPIO_Init
                0x08008d4c      0x164 Src/gpio.o
                0x08008d4c                MX_GPIO_Init
 .text.MX_IWDG_Init
                0x08008eb0       0x34 Src/iwdg.o
                0x08008eb0                MX_IWDG_Init
 .text.putchar_for_test
                0x08008ee4       0x2c Src/putchar.o
                0x08008ee4                putchar_for_test
 .text.MX_SPI1_Init
                0x08008f10       0x70 Src/spi.o
                0x08008f10                MX_SPI1_Init
 .text.HAL_SPI_MspInit
                0x08008f80       0xac Src/spi.o
                0x08008f80                HAL_SPI_MspInit
 .text.wait_for_drdy
                0x0800902c       0x24 Src/spi_low_level.o
                0x0800902c                wait_for_drdy
 .text.chipsel_high
                0x08009050       0x1c Src/spi_low_level.o
                0x08009050                chipsel_high
 .text.chipsel_low
                0x0800906c       0x1c Src/spi_low_level.o
                0x0800906c                chipsel_low
 .text.synchronize
                0x08009088       0xd8 Src/spi_low_level.o
                0x08009088                synchronize
 .text.write_4byte_word
                0x08009160       0xcc Src/spi_low_level.o
                0x08009160                write_4byte_word
 .text.read_4byte_word
                0x0800922c       0xc0 Src/spi_low_level.o
                0x0800922c                read_4byte_word
 .text.HAL_MspInit
                0x080092ec       0x6c Src/stm32l4xx_hal_msp.o
                0x080092ec                HAL_MspInit
 .text.HAL_InitTick
                0x08009358       0xac Src/stm32l4xx_hal_timebase_TIM.o
                0x08009358                HAL_InitTick
 .text.HAL_TIM_PeriodElapsedCallback
                0x08009404       0x14 Src/stm32l4xx_hal_timebase_TIM.o
                0x08009404                HAL_TIM_PeriodElapsedCallback
 .text.SysTick_Handler
                0x08009418        0xc Src/stm32l4xx_it.o
                0x08009418                SysTick_Handler
 .text.TIM4_IRQHandler
                0x08009424       0x14 Src/stm32l4xx_it.o
                0x08009424                TIM4_IRQHandler
 .text.OTG_FS_IRQHandler
                0x08009438       0x14 Src/stm32l4xx_it.o
                0x08009438                OTG_FS_IRQHandler
 .text.EXTI9_5_IRQHandler
                0x0800944c       0x10 Src/stm32l4xx_it.o
                0x0800944c                EXTI9_5_IRQHandler
 .text.my_default_handler
                0x0800945c       0x20 Src/stm32l4xx_it.o
                0x0800945c                my_default_handler
 .text.MX_TIM1_Init
                0x0800947c       0x68 Src/tim.o
                0x0800947c                MX_TIM1_Init
 .text.MX_TIM2_Init
                0x080094e4       0x5c Src/tim.o
                0x080094e4                MX_TIM2_Init
 .text.MX_TIM3_Init
                0x08009540       0x60 Src/tim.o
                0x08009540                MX_TIM3_Init
 .text.HAL_TIM_Base_MspInit
                0x080095a0       0x8c Src/tim.o
                0x080095a0                HAL_TIM_Base_MspInit
 .text.timer250hz_increment_tick
                0x0800962c       0x1c Src/timer250hz_irqhandler.o
 .text.TIM3_IRQHandler
                0x08009648       0x28 Src/timer250hz_irqhandler.o
                0x08009648                TIM3_IRQHandler
 .text.MX_USART1_UART_Init
                0x08009670       0x54 Src/usart.o
                0x08009670                MX_USART1_UART_Init
 .text.MX_USART2_UART_Init
                0x080096c4       0x54 Src/usart.o
                0x080096c4                MX_USART2_UART_Init
 .text.HAL_UART_MspInit
                0x08009718       0xac Src/usart.o
                0x08009718                HAL_UART_MspInit
 .text.HAL_PCD_MspInit
                0x080097c4       0xc8 Src/usbd_conf.o
                0x080097c4                HAL_PCD_MspInit
 .text.HAL_PCD_SetupStageCallback
                0x0800988c       0x24 Src/usbd_conf.o
                0x0800988c                HAL_PCD_SetupStageCallback
 .text.HAL_PCD_DataOutStageCallback
                0x080098b0       0x38 Src/usbd_conf.o
                0x080098b0                HAL_PCD_DataOutStageCallback
 .text.HAL_PCD_DataInStageCallback
                0x080098e8       0x34 Src/usbd_conf.o
                0x080098e8                HAL_PCD_DataInStageCallback
 .text.HAL_PCD_SOFCallback
                0x0800991c       0x1c Src/usbd_conf.o
                0x0800991c                HAL_PCD_SOFCallback
 .text.HAL_PCD_ResetCallback
                0x08009938       0x2c Src/usbd_conf.o
                0x08009938                HAL_PCD_ResetCallback
 .text.HAL_PCD_SuspendCallback
                0x08009964       0x50 Src/usbd_conf.o
                0x08009964                HAL_PCD_SuspendCallback
 .text.HAL_PCD_ResumeCallback
                0x080099b4       0x64 Src/usbd_conf.o
                0x080099b4                HAL_PCD_ResumeCallback
 .text.HAL_PCD_ISOOUTIncompleteCallback
                0x08009a18       0x24 Src/usbd_conf.o
                0x08009a18                HAL_PCD_ISOOUTIncompleteCallback
 .text.HAL_PCD_ISOINIncompleteCallback
                0x08009a3c       0x24 Src/usbd_conf.o
                0x08009a3c                HAL_PCD_ISOINIncompleteCallback
 .text.HAL_PCD_ConnectCallback
                0x08009a60       0x1c Src/usbd_conf.o
                0x08009a60                HAL_PCD_ConnectCallback
 .text.HAL_PCD_DisconnectCallback
                0x08009a7c       0x1c Src/usbd_conf.o
                0x08009a7c                HAL_PCD_DisconnectCallback
 .text.USBD_LL_Init
                0x08009a98       0x94 Src/usbd_conf.o
                0x08009a98                USBD_LL_Init
 .text.USBD_LL_Start
                0x08009b2c       0x20 Src/usbd_conf.o
                0x08009b2c                USBD_LL_Start
 .text.USBD_LL_OpenEP
                0x08009b4c       0x34 Src/usbd_conf.o
                0x08009b4c                USBD_LL_OpenEP
 .text.USBD_LL_CloseEP
                0x08009b80       0x28 Src/usbd_conf.o
                0x08009b80                USBD_LL_CloseEP
 .text.USBD_LL_StallEP
                0x08009ba8       0x28 Src/usbd_conf.o
                0x08009ba8                USBD_LL_StallEP
 .text.USBD_LL_ClearStallEP
                0x08009bd0       0x28 Src/usbd_conf.o
                0x08009bd0                USBD_LL_ClearStallEP
 .text.USBD_LL_IsStallEP
                0x08009bf8       0x58 Src/usbd_conf.o
                0x08009bf8                USBD_LL_IsStallEP
 .text.USBD_LL_SetUSBAddress
                0x08009c50       0x28 Src/usbd_conf.o
                0x08009c50                USBD_LL_SetUSBAddress
 .text.USBD_LL_Transmit
                0x08009c78       0x30 Src/usbd_conf.o
                0x08009c78                USBD_LL_Transmit
 .text.USBD_LL_PrepareReceive
                0x08009ca8       0x30 Src/usbd_conf.o
                0x08009ca8                USBD_LL_PrepareReceive
 .text.SystemClockConfig_STOP
                0x08009cd8      0x174 Src/usbd_conf.o
 .text.USBD_HID_DeviceDescriptor
                0x08009e4c       0x24 Src/usbd_desc.o
                0x08009e4c                USBD_HID_DeviceDescriptor
 .text.USBD_HID_LangIDStrDescriptor
                0x08009e70       0x24 Src/usbd_desc.o
                0x08009e70                USBD_HID_LangIDStrDescriptor
 .text.USBD_HID_ProductStrDescriptor
                0x08009e94       0x28 Src/usbd_desc.o
                0x08009e94                USBD_HID_ProductStrDescriptor
 .text.USBD_HID_ManufacturerStrDescriptor
                0x08009ebc       0x28 Src/usbd_desc.o
                0x08009ebc                USBD_HID_ManufacturerStrDescriptor
 .text.USBD_HID_SerialStrDescriptor
                0x08009ee4       0x24 Src/usbd_desc.o
                0x08009ee4                USBD_HID_SerialStrDescriptor
 .text.USBD_HID_ConfigStrDescriptor
                0x08009f08       0x28 Src/usbd_desc.o
                0x08009f08                USBD_HID_ConfigStrDescriptor
 .text.USBD_HID_InterfaceStrDescriptor
                0x08009f30       0x28 Src/usbd_desc.o
                0x08009f30                USBD_HID_InterfaceStrDescriptor
 .text.Get_SerialNum
                0x08009f58       0x58 Src/usbd_desc.o
 .text.IntToUnicode
                0x08009fb0       0x7c Src/usbd_desc.o
 .text.test_ecg_ring_buffer_initialization
                0x0800a02c       0x20 tests/test_ecg_ring_buffer.o
                0x0800a02c                test_ecg_ring_buffer_initialization
 .text.test_ecg_ring_buffer_push
                0x0800a04c      0x164 tests/test_ecg_ring_buffer.o
                0x0800a04c                test_ecg_ring_buffer_push
 .text.test_ecg_ring_buffer_pop
                0x0800a1b0      0x124 tests/test_ecg_ring_buffer.o
                0x0800a1b0                test_ecg_ring_buffer_pop
 .text.test_frame_ring_buffer_initialization
                0x0800a2d4       0x20 tests/test_frame_ring_buffer.o
                0x0800a2d4                test_frame_ring_buffer_initialization
 .text.test_frame_ring_buffer_push
                0x0800a2f4      0x120 tests/test_frame_ring_buffer.o
                0x0800a2f4                test_frame_ring_buffer_push
 .text.test_frame_ring_buffer_pop
                0x0800a414      0x22c tests/test_frame_ring_buffer.o
                0x0800a414                test_frame_ring_buffer_pop
 .text.main     0x0800a640      0x444 tests/test_global_runner.o
                0x0800a640                main
 .text.SystemClock_Config
                0x0800aa84       0xb4 tests/test_global_runner.o
 .text.setUp    0x0800ab38       0x18 tests/test_spi_low_level.o
                0x0800ab38                setUp
 .text.tearDown
                0x0800ab50       0x18 tests/test_spi_low_level.o
                0x0800ab50                tearDown
 .text.UnityPrint
                0x0800ab68       0x84 tests/unity.o
                0x0800ab68                UnityPrint
 .text.UnityPrintNumberByStyle
                0x0800abec       0x64 tests/unity.o
                0x0800abec                UnityPrintNumberByStyle
 .text.UnityPrintNumber
                0x0800ac50       0x2c tests/unity.o
                0x0800ac50                UnityPrintNumber
 .text.UnityPrintNumberUnsigned
                0x0800ac7c       0x6c tests/unity.o
                0x0800ac7c                UnityPrintNumberUnsigned
 .text.UnityPrintNumberHex
                0x0800ace8       0x68 tests/unity.o
                0x0800ace8                UnityPrintNumberHex
 .text.UnityPrintFail
                0x0800ad50       0x14 tests/unity.o
                0x0800ad50                UnityPrintFail
 .text.UnityPrintOk
                0x0800ad64       0x14 tests/unity.o
                0x0800ad64                UnityPrintOk
 .text.UnityTestResultsBegin
                0x0800ad78       0x40 tests/unity.o
 .text.UnityTestResultsFailBegin
                0x0800adb8       0x30 tests/unity.o
 .text.UnityConcludeTest
                0x0800ade8       0x78 tests/unity.o
                0x0800ade8                UnityConcludeTest
 .text.UnityAddMsgIfSpecified
                0x0800ae60       0x68 tests/unity.o
 .text.UnityAssertEqualNumber
                0x0800aec8       0x78 tests/unity.o
                0x0800aec8                UnityAssertEqualNumber
 .text.UnityBegin
                0x0800af40       0x54 tests/unity.o
                0x0800af40                UnityBegin
 .text.UnityEnd
                0x0800af94       0xe0 tests/unity.o
                0x0800af94                UnityEnd
 .text.__sflush_r
                0x0800b074      0x110 c:/eclipse/cpp-neon/eclipse/plugins/fr.ac6.mcu.externaltools.arm-none.win32_1.7.0.201602121829/tools/compiler/bin/../lib/gcc/arm-none-eabi/5.2.1/../../../../arm-none-eabi/lib/armv7e-m/fpu\libc_nano.a(lib_a-fflush.o)
                0x0800b074                __sflush_r
 .text._fflush_r
                0x0800b184       0x54 c:/eclipse/cpp-neon/eclipse/plugins/fr.ac6.mcu.externaltools.arm-none.win32_1.7.0.201602121829/tools/compiler/bin/../lib/gcc/arm-none-eabi/5.2.1/../../../../arm-none-eabi/lib/armv7e-m/fpu\libc_nano.a(lib_a-fflush.o)
                0x0800b184                _fflush_r
 .text.fflush   0x0800b1d8       0x24 c:/eclipse/cpp-neon/eclipse/plugins/fr.ac6.mcu.externaltools.arm-none.win32_1.7.0.201602121829/tools/compiler/bin/../lib/gcc/arm-none-eabi/5.2.1/../../../../arm-none-eabi/lib/armv7e-m/fpu\libc_nano.a(lib_a-fflush.o)
                0x0800b1d8                fflush
 .text._cleanup_r
                0x0800b1fc        0xc c:/eclipse/cpp-neon/eclipse/plugins/fr.ac6.mcu.externaltools.arm-none.win32_1.7.0.201602121829/tools/compiler/bin/../lib/gcc/arm-none-eabi/5.2.1/../../../../arm-none-eabi/lib/armv7e-m/fpu\libc_nano.a(lib_a-findfp.o)
                0x0800b1fc                _cleanup_r
 .text.std.isra.0
                0x0800b208       0x48 c:/eclipse/cpp-neon/eclipse/plugins/fr.ac6.mcu.externaltools.arm-none.win32_1.7.0.201602121829/tools/compiler/bin/../lib/gcc/arm-none-eabi/5.2.1/../../../../arm-none-eabi/lib/armv7e-m/fpu\libc_nano.a(lib_a-findfp.o)
 .text.__sfmoreglue
                0x0800b250       0x2c c:/eclipse/cpp-neon/eclipse/plugins/fr.ac6.mcu.externaltools.arm-none.win32_1.7.0.201602121829/tools/compiler/bin/../lib/gcc/arm-none-eabi/5.2.1/../../../../arm-none-eabi/lib/armv7e-m/fpu\libc_nano.a(lib_a-findfp.o)
                0x0800b250                __sfmoreglue
 .text.__sinit  0x0800b27c       0x60 c:/eclipse/cpp-neon/eclipse/plugins/fr.ac6.mcu.externaltools.arm-none.win32_1.7.0.201602121829/tools/compiler/bin/../lib/gcc/arm-none-eabi/5.2.1/../../../../arm-none-eabi/lib/armv7e-m/fpu\libc_nano.a(lib_a-findfp.o)
                0x0800b27c                __sinit
 .text.__sfp    0x0800b2dc       0x78 c:/eclipse/cpp-neon/eclipse/plugins/fr.ac6.mcu.externaltools.arm-none.win32_1.7.0.201602121829/tools/compiler/bin/../lib/gcc/arm-none-eabi/5.2.1/../../../../arm-none-eabi/lib/armv7e-m/fpu\libc_nano.a(lib_a-findfp.o)
                0x0800b2dc                __sfp
 .text._fwalk_reent
                0x0800b354       0x3c c:/eclipse/cpp-neon/eclipse/plugins/fr.ac6.mcu.externaltools.arm-none.win32_1.7.0.201602121829/tools/compiler/bin/../lib/gcc/arm-none-eabi/5.2.1/../../../../arm-none-eabi/lib/armv7e-m/fpu\libc_nano.a(lib_a-fwalk.o)
                0x0800b354                _fwalk_reent
 .text.__libc_init_array
                0x0800b390       0x4c c:/eclipse/cpp-neon/eclipse/plugins/fr.ac6.mcu.externaltools.arm-none.win32_1.7.0.201602121829/tools/compiler/bin/../lib/gcc/arm-none-eabi/5.2.1/../../../../arm-none-eabi/lib/armv7e-m/fpu\libc_nano.a(lib_a-init.o)
                0x0800b390                __libc_init_array
 .text.malloc   0x0800b3dc       0x10 c:/eclipse/cpp-neon/eclipse/plugins/fr.ac6.mcu.externaltools.arm-none.win32_1.7.0.201602121829/tools/compiler/bin/../lib/gcc/arm-none-eabi/5.2.1/../../../../arm-none-eabi/lib/armv7e-m/fpu\libc_nano.a(lib_a-malloc.o)
                0x0800b3dc                malloc
 .text.free     0x0800b3ec       0x10 c:/eclipse/cpp-neon/eclipse/plugins/fr.ac6.mcu.externaltools.arm-none.win32_1.7.0.201602121829/tools/compiler/bin/../lib/gcc/arm-none-eabi/5.2.1/../../../../arm-none-eabi/lib/armv7e-m/fpu\libc_nano.a(lib_a-malloc.o)
                0x0800b3ec                free
 .text.memcpy   0x0800b3fc       0x16 c:/eclipse/cpp-neon/eclipse/plugins/fr.ac6.mcu.externaltools.arm-none.win32_1.7.0.201602121829/tools/compiler/bin/../lib/gcc/arm-none-eabi/5.2.1/../../../../arm-none-eabi/lib/armv7e-m/fpu\libc_nano.a(lib_a-memcpy-stub.o)
                0x0800b3fc                memcpy
 .text.memset   0x0800b412       0x10 c:/eclipse/cpp-neon/eclipse/plugins/fr.ac6.mcu.externaltools.arm-none.win32_1.7.0.201602121829/tools/compiler/bin/../lib/gcc/arm-none-eabi/5.2.1/../../../../arm-none-eabi/lib/armv7e-m/fpu\libc_nano.a(lib_a-memset.o)
                0x0800b412                memset
 *fill*         0x0800b422        0x2 
 .text._free_r  0x0800b424       0x8c c:/eclipse/cpp-neon/eclipse/plugins/fr.ac6.mcu.externaltools.arm-none.win32_1.7.0.201602121829/tools/compiler/bin/../lib/gcc/arm-none-eabi/5.2.1/../../../../arm-none-eabi/lib/armv7e-m/fpu\libc_nano.a(lib_a-nano-freer.o)
                0x0800b424                _free_r
 .text._malloc_r
                0x0800b4b0       0xa8 c:/eclipse/cpp-neon/eclipse/plugins/fr.ac6.mcu.externaltools.arm-none.win32_1.7.0.201602121829/tools/compiler/bin/../lib/gcc/arm-none-eabi/5.2.1/../../../../arm-none-eabi/lib/armv7e-m/fpu\libc_nano.a(lib_a-nano-mallocr.o)
                0x0800b4b0                _malloc_r
 .text._sbrk_r  0x0800b558       0x20 c:/eclipse/cpp-neon/eclipse/plugins/fr.ac6.mcu.externaltools.arm-none.win32_1.7.0.201602121829/tools/compiler/bin/../lib/gcc/arm-none-eabi/5.2.1/../../../../arm-none-eabi/lib/armv7e-m/fpu\libc_nano.a(lib_a-sbrkr.o)
                0x0800b558                _sbrk_r
 .text.sprintf  0x0800b578       0x48 c:/eclipse/cpp-neon/eclipse/plugins/fr.ac6.mcu.externaltools.arm-none.win32_1.7.0.201602121829/tools/compiler/bin/../lib/gcc/arm-none-eabi/5.2.1/../../../../arm-none-eabi/lib/armv7e-m/fpu\libc_nano.a(lib_a-sprintf.o)
                0x0800b578                siprintf
                0x0800b578                sprintf
 .text.__sread  0x0800b5c0       0x22 c:/eclipse/cpp-neon/eclipse/plugins/fr.ac6.mcu.externaltools.arm-none.win32_1.7.0.201602121829/tools/compiler/bin/../lib/gcc/arm-none-eabi/5.2.1/../../../../arm-none-eabi/lib/armv7e-m/fpu\libc_nano.a(lib_a-stdio.o)
                0x0800b5c0                __sread
 .text.__swrite
                0x0800b5e2       0x38 c:/eclipse/cpp-neon/eclipse/plugins/fr.ac6.mcu.externaltools.arm-none.win32_1.7.0.201602121829/tools/compiler/bin/../lib/gcc/arm-none-eabi/5.2.1/../../../../arm-none-eabi/lib/armv7e-m/fpu\libc_nano.a(lib_a-stdio.o)
                0x0800b5e2                __swrite
 .text.__sseek  0x0800b61a       0x24 c:/eclipse/cpp-neon/eclipse/plugins/fr.ac6.mcu.externaltools.arm-none.win32_1.7.0.201602121829/tools/compiler/bin/../lib/gcc/arm-none-eabi/5.2.1/../../../../arm-none-eabi/lib/armv7e-m/fpu\libc_nano.a(lib_a-stdio.o)
                0x0800b61a                __sseek
 .text.__sclose
                0x0800b63e        0x8 c:/eclipse/cpp-neon/eclipse/plugins/fr.ac6.mcu.externaltools.arm-none.win32_1.7.0.201602121829/tools/compiler/bin/../lib/gcc/arm-none-eabi/5.2.1/../../../../arm-none-eabi/lib/armv7e-m/fpu\libc_nano.a(lib_a-stdio.o)
                0x0800b63e                __sclose
 *fill*         0x0800b646        0x2 
 .text._write_r
                0x0800b648       0x24 c:/eclipse/cpp-neon/eclipse/plugins/fr.ac6.mcu.externaltools.arm-none.win32_1.7.0.201602121829/tools/compiler/bin/../lib/gcc/arm-none-eabi/5.2.1/../../../../arm-none-eabi/lib/armv7e-m/fpu\libc_nano.a(lib_a-writer.o)
                0x0800b648                _write_r
 .text._close_r
                0x0800b66c       0x20 c:/eclipse/cpp-neon/eclipse/plugins/fr.ac6.mcu.externaltools.arm-none.win32_1.7.0.201602121829/tools/compiler/bin/../lib/gcc/arm-none-eabi/5.2.1/../../../../arm-none-eabi/lib/armv7e-m/fpu\libc_nano.a(lib_a-closer.o)
                0x0800b66c                _close_r
 .text._lseek_r
                0x0800b68c       0x24 c:/eclipse/cpp-neon/eclipse/plugins/fr.ac6.mcu.externaltools.arm-none.win32_1.7.0.201602121829/tools/compiler/bin/../lib/gcc/arm-none-eabi/5.2.1/../../../../arm-none-eabi/lib/armv7e-m/fpu\libc_nano.a(lib_a-lseekr.o)
                0x0800b68c                _lseek_r
 .text.__ssputs_r
                0x0800b6b0       0xb2 c:/eclipse/cpp-neon/eclipse/plugins/fr.ac6.mcu.externaltools.arm-none.win32_1.7.0.201602121829/tools/compiler/bin/../lib/gcc/arm-none-eabi/5.2.1/../../../../arm-none-eabi/lib/armv7e-m/fpu\libc_nano.a(lib_a-nano-svfprintf.o)
                0x0800b6b0                __ssputs_r
 *fill*         0x0800b762        0x2 
 .text._svfprintf_r
                0x0800b764      0x1e8 c:/eclipse/cpp-neon/eclipse/plugins/fr.ac6.mcu.externaltools.arm-none.win32_1.7.0.201602121829/tools/compiler/bin/../lib/gcc/arm-none-eabi/5.2.1/../../../../arm-none-eabi/lib/armv7e-m/fpu\libc_nano.a(lib_a-nano-svfprintf.o)
                0x0800b764                _svfiprintf_r
                0x0800b764                _svfprintf_r
 .text._printf_common
                0x0800b94c       0xec c:/eclipse/cpp-neon/eclipse/plugins/fr.ac6.mcu.externaltools.arm-none.win32_1.7.0.201602121829/tools/compiler/bin/../lib/gcc/arm-none-eabi/5.2.1/../../../../arm-none-eabi/lib/armv7e-m/fpu\libc_nano.a(lib_a-nano-vfprintf_i.o)
                0x0800b94c                _printf_common
 .text._printf_i
                0x0800ba38      0x24c c:/eclipse/cpp-neon/eclipse/plugins/fr.ac6.mcu.externaltools.arm-none.win32_1.7.0.201602121829/tools/compiler/bin/../lib/gcc/arm-none-eabi/5.2.1/../../../../arm-none-eabi/lib/armv7e-m/fpu\libc_nano.a(lib_a-nano-vfprintf_i.o)
                0x0800ba38                _printf_i
 .text._read_r  0x0800bc84       0x24 c:/eclipse/cpp-neon/eclipse/plugins/fr.ac6.mcu.externaltools.arm-none.win32_1.7.0.201602121829/tools/compiler/bin/../lib/gcc/arm-none-eabi/5.2.1/../../../../arm-none-eabi/lib/armv7e-m/fpu\libc_nano.a(lib_a-readr.o)
                0x0800bc84                _read_r
 .text.memmove  0x0800bca8       0x36 c:/eclipse/cpp-neon/eclipse/plugins/fr.ac6.mcu.externaltools.arm-none.win32_1.7.0.201602121829/tools/compiler/bin/../lib/gcc/arm-none-eabi/5.2.1/../../../../arm-none-eabi/lib/armv7e-m/fpu\libc_nano.a(lib_a-memmove.o)
                0x0800bca8                memmove
 .text._realloc_r
                0x0800bcde       0x4c c:/eclipse/cpp-neon/eclipse/plugins/fr.ac6.mcu.externaltools.arm-none.win32_1.7.0.201602121829/tools/compiler/bin/../lib/gcc/arm-none-eabi/5.2.1/../../../../arm-none-eabi/lib/armv7e-m/fpu\libc_nano.a(lib_a-nano-reallocr.o)
                0x0800bcde                _realloc_r
 .text._malloc_usable_size_r
                0x0800bd2a       0x14 c:/eclipse/cpp-neon/eclipse/plugins/fr.ac6.mcu.externaltools.arm-none.win32_1.7.0.201602121829/tools/compiler/bin/../lib/gcc/arm-none-eabi/5.2.1/../../../../arm-none-eabi/lib/armv7e-m/fpu\libc_nano.a(lib_a-nano-msizer.o)
                0x0800bd2a                _malloc_usable_size_r
 *fill*         0x0800bd3e        0x2 
 .text._close   0x0800bd40       0x10 c:/eclipse/cpp-neon/eclipse/plugins/fr.ac6.mcu.externaltools.arm-none.win32_1.7.0.201602121829/tools/compiler/bin/../lib/gcc/arm-none-eabi/5.2.1/../../../../arm-none-eabi/lib/armv7e-m/fpu\libnosys.a(close.o)
                0x0800bd40                _close
 .text._lseek   0x0800bd50       0x10 c:/eclipse/cpp-neon/eclipse/plugins/fr.ac6.mcu.externaltools.arm-none.win32_1.7.0.201602121829/tools/compiler/bin/../lib/gcc/arm-none-eabi/5.2.1/../../../../arm-none-eabi/lib/armv7e-m/fpu\libnosys.a(lseek.o)
                0x0800bd50                _lseek
 .text._read    0x0800bd60       0x10 c:/eclipse/cpp-neon/eclipse/plugins/fr.ac6.mcu.externaltools.arm-none.win32_1.7.0.201602121829/tools/compiler/bin/../lib/gcc/arm-none-eabi/5.2.1/../../../../arm-none-eabi/lib/armv7e-m/fpu\libnosys.a(read.o)
                0x0800bd60                _read
 .text._sbrk    0x0800bd70       0x1c c:/eclipse/cpp-neon/eclipse/plugins/fr.ac6.mcu.externaltools.arm-none.win32_1.7.0.201602121829/tools/compiler/bin/../lib/gcc/arm-none-eabi/5.2.1/../../../../arm-none-eabi/lib/armv7e-m/fpu\libnosys.a(sbrk.o)
                0x0800bd70                _sbrk
 .text._write   0x0800bd8c       0x10 c:/eclipse/cpp-neon/eclipse/plugins/fr.ac6.mcu.externaltools.arm-none.win32_1.7.0.201602121829/tools/compiler/bin/../lib/gcc/arm-none-eabi/5.2.1/../../../../arm-none-eabi/lib/armv7e-m/fpu\libnosys.a(write.o)
                0x0800bd8c                _write
 *(.glue_7)
 .glue_7        0x0800bd9c        0x0 linker stubs
 *(.glue_7t)
 .glue_7t       0x0800bd9c        0x0 linker stubs
 *(.eh_frame)
 .eh_frame      0x0800bd9c        0x0 c:/eclipse/cpp-neon/eclipse/plugins/fr.ac6.mcu.externaltools.arm-none.win32_1.7.0.201602121829/tools/compiler/bin/../lib/gcc/arm-none-eabi/5.2.1/armv7e-m/fpu/crtbegin.o
 *(.init)
 .init          0x0800bd9c        0x4 c:/eclipse/cpp-neon/eclipse/plugins/fr.ac6.mcu.externaltools.arm-none.win32_1.7.0.201602121829/tools/compiler/bin/../lib/gcc/arm-none-eabi/5.2.1/armv7e-m/fpu/crti.o
                0x0800bd9c                _init
 .init          0x0800bda0        0x8 c:/eclipse/cpp-neon/eclipse/plugins/fr.ac6.mcu.externaltools.arm-none.win32_1.7.0.201602121829/tools/compiler/bin/../lib/gcc/arm-none-eabi/5.2.1/armv7e-m/fpu/crtn.o
 *(.fini)
 .fini          0x0800bda8        0x4 c:/eclipse/cpp-neon/eclipse/plugins/fr.ac6.mcu.externaltools.arm-none.win32_1.7.0.201602121829/tools/compiler/bin/../lib/gcc/arm-none-eabi/5.2.1/armv7e-m/fpu/crti.o
                0x0800bda8                _fini
 .fini          0x0800bdac        0x8 c:/eclipse/cpp-neon/eclipse/plugins/fr.ac6.mcu.externaltools.arm-none.win32_1.7.0.201602121829/tools/compiler/bin/../lib/gcc/arm-none-eabi/5.2.1/armv7e-m/fpu/crtn.o
                0x0800bdb8                . = ALIGN (0x8)
 *fill*         0x0800bdb4        0x4 
                0x0800bdb8                _etext = .

.vfp11_veneer   0x0800bdb8        0x0
 .vfp11_veneer  0x0800bdb8        0x0 linker stubs

.v4_bx          0x0800bdb8        0x0
 .v4_bx         0x0800bdb8        0x0 linker stubs

.iplt           0x0800bdb8        0x0
 .iplt          0x0800bdb8        0x0 c:/eclipse/cpp-neon/eclipse/plugins/fr.ac6.mcu.externaltools.arm-none.win32_1.7.0.201602121829/tools/compiler/bin/../lib/gcc/arm-none-eabi/5.2.1/armv7e-m/fpu/crtbegin.o

.rodata         0x0800bdb8      0x2d0
                0x0800bdb8                . = ALIGN (0x8)
 *(.rodata)
 .rodata        0x0800bdb8       0x16 Src/stm32l4xx_it.o
 *fill*         0x0800bdce        0x2 
 .rodata        0x0800bdd0       0x32 Src/usbd_desc.o
 *fill*         0x0800be02        0x2 
 .rodata        0x0800be04      0x104 tests/test_global_runner.o
 *(.rodata*)
 .rodata.AHBPrescTable
                0x0800bf08       0x10 Drivers/CMSIS/Device/ST/STM32L4xx/Source/Templates/system_stm32l4xx.o
                0x0800bf08                AHBPrescTable
 .rodata.APBPrescTable
                0x0800bf18        0x8 Drivers/CMSIS/Device/ST/STM32L4xx/Source/Templates/system_stm32l4xx.o
                0x0800bf18                APBPrescTable
 .rodata.MSIRangeTable
                0x0800bf20       0x30 Drivers/CMSIS/Device/ST/STM32L4xx/Source/Templates/system_stm32l4xx.o
                0x0800bf20                MSIRangeTable
 .rodata.UnityStrOk
                0x0800bf50        0x3 tests/unity.o
 *fill*         0x0800bf53        0x1 
 .rodata.UnityStrPass
                0x0800bf54        0x5 tests/unity.o
 *fill*         0x0800bf59        0x3 
 .rodata.UnityStrFail
                0x0800bf5c        0x5 tests/unity.o
 *fill*         0x0800bf61        0x3 
 .rodata.UnityStrSpacer
                0x0800bf64        0x3 tests/unity.o
 *fill*         0x0800bf67        0x1 
 .rodata.UnityStrExpected
                0x0800bf68        0xb tests/unity.o
 *fill*         0x0800bf73        0x1 
 .rodata.UnityStrWas
                0x0800bf74        0x6 tests/unity.o
 *fill*         0x0800bf7a        0x2 
 .rodata.UnityStrBreaker
                0x0800bf7c       0x18 tests/unity.o
 .rodata.UnityStrResultsTests
                0x0800bf94        0x8 tests/unity.o
 .rodata.UnityStrResultsFailures
                0x0800bf9c        0xb tests/unity.o
 *fill*         0x0800bfa7        0x1 
 .rodata.UnityStrResultsIgnored
                0x0800bfa8        0xa tests/unity.o
 *fill*         0x0800bfb2        0x2 
 .rodata.UnityStrDetail1Name
                0x0800bfb4        0xa tests/unity.o
 *fill*         0x0800bfbe        0x2 
 .rodata.UnityStrDetail2Name
                0x0800bfc0        0xb tests/unity.o
 *fill*         0x0800bfcb        0x1 
 .rodata.UnitySizeMask
                0x0800bfcc       0x1c tests/unity.o
 .rodata.__sf_fake_stdin
                0x0800bfe8       0x20 c:/eclipse/cpp-neon/eclipse/plugins/fr.ac6.mcu.externaltools.arm-none.win32_1.7.0.201602121829/tools/compiler/bin/../lib/gcc/arm-none-eabi/5.2.1/../../../../arm-none-eabi/lib/armv7e-m/fpu\libc_nano.a(lib_a-findfp.o)
                0x0800bfe8                __sf_fake_stdin
 .rodata.__sf_fake_stdout
                0x0800c008       0x20 c:/eclipse/cpp-neon/eclipse/plugins/fr.ac6.mcu.externaltools.arm-none.win32_1.7.0.201602121829/tools/compiler/bin/../lib/gcc/arm-none-eabi/5.2.1/../../../../arm-none-eabi/lib/armv7e-m/fpu\libc_nano.a(lib_a-findfp.o)
                0x0800c008                __sf_fake_stdout
 .rodata.__sf_fake_stderr
                0x0800c028       0x20 c:/eclipse/cpp-neon/eclipse/plugins/fr.ac6.mcu.externaltools.arm-none.win32_1.7.0.201602121829/tools/compiler/bin/../lib/gcc/arm-none-eabi/5.2.1/../../../../arm-none-eabi/lib/armv7e-m/fpu\libc_nano.a(lib_a-findfp.o)
                0x0800c028                __sf_fake_stderr
 .rodata.str1.1
                0x0800c048        0x2 c:/eclipse/cpp-neon/eclipse/plugins/fr.ac6.mcu.externaltools.arm-none.win32_1.7.0.201602121829/tools/compiler/bin/../lib/gcc/arm-none-eabi/5.2.1/../../../../arm-none-eabi/lib/armv7e-m/fpu\libc_nano.a(lib_a-impure.o)
 *fill*         0x0800c04a        0x2 
 .rodata._global_impure_ptr
                0x0800c04c        0x4 c:/eclipse/cpp-neon/eclipse/plugins/fr.ac6.mcu.externaltools.arm-none.win32_1.7.0.201602121829/tools/compiler/bin/../lib/gcc/arm-none-eabi/5.2.1/../../../../arm-none-eabi/lib/armv7e-m/fpu\libc_nano.a(lib_a-impure.o)
                0x0800c04c                _global_impure_ptr
 .rodata.str1.1
                0x0800c050       0x11 c:/eclipse/cpp-neon/eclipse/plugins/fr.ac6.mcu.externaltools.arm-none.win32_1.7.0.201602121829/tools/compiler/bin/../lib/gcc/arm-none-eabi/5.2.1/../../../../arm-none-eabi/lib/armv7e-m/fpu\libc_nano.a(lib_a-nano-svfprintf.o)
 .rodata.str1.1
                0x0800c061       0x22 c:/eclipse/cpp-neon/eclipse/plugins/fr.ac6.mcu.externaltools.arm-none.win32_1.7.0.201602121829/tools/compiler/bin/../lib/gcc/arm-none-eabi/5.2.1/../../../../arm-none-eabi/lib/armv7e-m/fpu\libc_nano.a(lib_a-nano-vfprintf_i.o)
                0x0800c088                . = ALIGN (0x8)
 *fill*         0x0800c083        0x5 

.ARM.extab      0x0800c088        0x0
                0x0800c088                . = ALIGN (0x8)
 *(.ARM.extab* .gnu.linkonce.armextab.*)
                0x0800c088                . = ALIGN (0x8)

.ARM            0x0800c088        0x8
                0x0800c088                . = ALIGN (0x8)
                0x0800c088                __exidx_start = .
 *(.ARM.exidx*)
 .ARM.exidx     0x0800c088        0x8 c:/eclipse/cpp-neon/eclipse/plugins/fr.ac6.mcu.externaltools.arm-none.win32_1.7.0.201602121829/tools/compiler/bin/../lib/gcc/arm-none-eabi/5.2.1/armv7e-m/fpu\libgcc.a(_udivmoddi4.o)
                0x0800c090                __exidx_end = .
                0x0800c090                . = ALIGN (0x8)

.rel.dyn        0x0800c090        0x0
 .rel.iplt      0x0800c090        0x0 c:/eclipse/cpp-neon/eclipse/plugins/fr.ac6.mcu.externaltools.arm-none.win32_1.7.0.201602121829/tools/compiler/bin/../lib/gcc/arm-none-eabi/5.2.1/armv7e-m/fpu/crtbegin.o

.preinit_array  0x0800c090        0x0
                0x0800c090                . = ALIGN (0x8)
                0x0800c090                PROVIDE (__preinit_array_start, .)
 *(.preinit_array*)
                0x0800c090                PROVIDE (__preinit_array_end, .)
                0x0800c090                . = ALIGN (0x8)

.init_array     0x0800c090        0x8
                0x0800c090                . = ALIGN (0x8)
                0x0800c090                PROVIDE (__init_array_start, .)
 *(SORT(.init_array.*))
 *(.init_array*)
 .init_array    0x0800c090        0x4 c:/eclipse/cpp-neon/eclipse/plugins/fr.ac6.mcu.externaltools.arm-none.win32_1.7.0.201602121829/tools/compiler/bin/../lib/gcc/arm-none-eabi/5.2.1/armv7e-m/fpu/crtbegin.o
                0x0800c094                PROVIDE (__init_array_end, .)
                0x0800c098                . = ALIGN (0x8)
 *fill*         0x0800c094        0x4 

.fini_array     0x0800c098        0x8
                0x0800c098                . = ALIGN (0x8)
                [!provide]                PROVIDE (__fini_array_start, .)
 *(SORT(.fini_array.*))
 *(.fini_array*)
 .fini_array    0x0800c098        0x4 c:/eclipse/cpp-neon/eclipse/plugins/fr.ac6.mcu.externaltools.arm-none.win32_1.7.0.201602121829/tools/compiler/bin/../lib/gcc/arm-none-eabi/5.2.1/armv7e-m/fpu/crtbegin.o
                [!provide]                PROVIDE (__fini_array_end, .)
                0x0800c0a0                . = ALIGN (0x8)
 *fill*         0x0800c09c        0x4 
                0x0800c0a0                _sidata = LOADADDR (.data)

.data           0x20000000      0x158 load address 0x0800c0a0
                0x20000000                . = ALIGN (0x8)
                0x20000000                _sdata = .
 *(.data)
 *(.data*)
 .data.SystemCoreClock
                0x20000000        0x4 Drivers/CMSIS/Device/ST/STM32L4xx/Source/Templates/system_stm32l4xx.o
                0x20000000                SystemCoreClock
 .data.USBD_HID
                0x20000004       0x3c Middlewares/ST/STM32_USB_Device_Library/Class/HID/Src/usbd_hid.o
                0x20000004                USBD_HID
 .data.USBD_HID_CfgDesc
                0x20000040       0x29 Middlewares/ST/STM32_USB_Device_Library/Class/HID/Src/usbd_hid.o
 *fill*         0x20000069        0x3 
 .data.USBD_HID_Desc
                0x2000006c        0x9 Middlewares/ST/STM32_USB_Device_Library/Class/HID/Src/usbd_hid.o
 *fill*         0x20000075        0x3 
 .data.USBD_HID_DeviceQualifierDesc
                0x20000078        0xa Middlewares/ST/STM32_USB_Device_Library/Class/HID/Src/usbd_hid.o
 *fill*         0x20000082        0x2 
 .data.HID_MOUSE_ReportDesc
                0x20000084       0x1c Middlewares/ST/STM32_USB_Device_Library/Class/HID/Src/usbd_hid.o
 .data.HID_Desc
                0x200000a0       0x20 Src/usbd_desc.o
                0x200000a0                HID_Desc
 .data.USBD_DeviceDesc
                0x200000c0       0x12 Src/usbd_desc.o
                0x200000c0                USBD_DeviceDesc
 *fill*         0x200000d2        0x2 
 .data.USBD_LangIDDesc
                0x200000d4        0x4 Src/usbd_desc.o
                0x200000d4                USBD_LangIDDesc
 .data.USBD_StringSerial
                0x200000d8       0x1a Src/usbd_desc.o
                0x200000d8                USBD_StringSerial
 *fill*         0x200000f2        0x2 
 .data.impure_data
                0x200000f4       0x60 c:/eclipse/cpp-neon/eclipse/plugins/fr.ac6.mcu.externaltools.arm-none.win32_1.7.0.201602121829/tools/compiler/bin/../lib/gcc/arm-none-eabi/5.2.1/../../../../arm-none-eabi/lib/armv7e-m/fpu\libc_nano.a(lib_a-impure.o)
 .data._impure_ptr
                0x20000154        0x4 c:/eclipse/cpp-neon/eclipse/plugins/fr.ac6.mcu.externaltools.arm-none.win32_1.7.0.201602121829/tools/compiler/bin/../lib/gcc/arm-none-eabi/5.2.1/../../../../arm-none-eabi/lib/armv7e-m/fpu\libc_nano.a(lib_a-impure.o)
                0x20000154                _impure_ptr
                0x20000158                . = ALIGN (0x8)
                0x20000158                _edata = .

.jcr            0x20000158        0x0 load address 0x0800c1f8
 .jcr           0x20000158        0x0 c:/eclipse/cpp-neon/eclipse/plugins/fr.ac6.mcu.externaltools.arm-none.win32_1.7.0.201602121829/tools/compiler/bin/../lib/gcc/arm-none-eabi/5.2.1/armv7e-m/fpu/crtbegin.o

.tm_clone_table
                0x20000158        0x0 load address 0x0800c1f8
 .tm_clone_table
                0x20000158        0x0 c:/eclipse/cpp-neon/eclipse/plugins/fr.ac6.mcu.externaltools.arm-none.win32_1.7.0.201602121829/tools/compiler/bin/../lib/gcc/arm-none-eabi/5.2.1/armv7e-m/fpu/crtbegin.o
 .tm_clone_table
                0x20000158        0x0 c:/eclipse/cpp-neon/eclipse/plugins/fr.ac6.mcu.externaltools.arm-none.win32_1.7.0.201602121829/tools/compiler/bin/../lib/gcc/arm-none-eabi/5.2.1/armv7e-m/fpu/crtend.o

.igot.plt       0x20000158        0x0 load address 0x0800c1f8
 .igot.plt      0x20000158        0x0 c:/eclipse/cpp-neon/eclipse/plugins/fr.ac6.mcu.externaltools.arm-none.win32_1.7.0.201602121829/tools/compiler/bin/../lib/gcc/arm-none-eabi/5.2.1/armv7e-m/fpu/crtbegin.o
                0x20000158                . = ALIGN (0x4)

.bss            0x20000158     0x124c load address 0x0800c1f8
                0x20000158                _sbss = .
                0x20000158                __bss_start__ = _sbss
 *(.bss)
 .bss           0x20000158       0x1c c:/eclipse/cpp-neon/eclipse/plugins/fr.ac6.mcu.externaltools.arm-none.win32_1.7.0.201602121829/tools/compiler/bin/../lib/gcc/arm-none-eabi/5.2.1/armv7e-m/fpu/crtbegin.o
 *(.bss*)
 .bss.cfgidx.9866
                0x20000174        0x1 Middlewares/ST/STM32_USB_Device_Library/Core/Src/usbd_ctlreq.o
 *fill*         0x20000175        0x3 
 .bss.pxCurrentTCB
                0x20000178        0x4 Middlewares/Third_Party/FreeRTOS/Source/tasks.o
                0x20000178                pxCurrentTCB
 .bss.pxReadyTasksLists
                0x2000017c       0x8c Middlewares/Third_Party/FreeRTOS/Source/tasks.o
 .bss.pxDelayedTaskList
                0x20000208        0x4 Middlewares/Third_Party/FreeRTOS/Source/tasks.o
 .bss.pxOverflowDelayedTaskList
                0x2000020c        0x4 Middlewares/Third_Party/FreeRTOS/Source/tasks.o
 .bss.xTickCount
                0x20000210        0x4 Middlewares/Third_Party/FreeRTOS/Source/tasks.o
 .bss.uxTopReadyPriority
                0x20000214        0x4 Middlewares/Third_Party/FreeRTOS/Source/tasks.o
 .bss.xSchedulerRunning
                0x20000218        0x4 Middlewares/Third_Party/FreeRTOS/Source/tasks.o
 .bss.uxPendedTicks
                0x2000021c        0x4 Middlewares/Third_Party/FreeRTOS/Source/tasks.o
 .bss.xYieldPending
                0x20000220        0x4 Middlewares/Third_Party/FreeRTOS/Source/tasks.o
 .bss.xNumOfOverflows
                0x20000224        0x4 Middlewares/Third_Party/FreeRTOS/Source/tasks.o
 .bss.xNextTaskUnblockTime
                0x20000228        0x4 Middlewares/Third_Party/FreeRTOS/Source/tasks.o
 .bss.uxSchedulerSuspended
                0x2000022c        0x4 Middlewares/Third_Party/FreeRTOS/Source/tasks.o
 .bss.ecg_ring_buffer
                0x20000230      0x100 Src/ecg_ring_buffer.o
 .bss.current_ecg_push_index
                0x20000330        0x4 Src/ecg_ring_buffer.o
 .bss.current_ecg_pop_index
                0x20000334        0x4 Src/ecg_ring_buffer.o
 .bss.received_frames_counter
                0x20000338        0x4 Src/frame_ring_buffer.o
 .bss.timer250hz_tick
                0x2000033c        0x4 Src/timer250hz_irqhandler.o
 .bss.remotewakeupon
                0x20000340        0x4 Src/usbd_conf.o
                0x20000340                remotewakeupon
 .bss.ecg_ring_buffer
                0x20000344      0x100 tests/test_ecg_ring_buffer.o
 .bss.current_ecg_push_index
                0x20000444        0x4 tests/test_ecg_ring_buffer.o
 .bss.current_ecg_pop_index
                0x20000448        0x4 tests/test_ecg_ring_buffer.o
 .bss.__malloc_sbrk_start
                0x2000044c        0x4 c:/eclipse/cpp-neon/eclipse/plugins/fr.ac6.mcu.externaltools.arm-none.win32_1.7.0.201602121829/tools/compiler/bin/../lib/gcc/arm-none-eabi/5.2.1/../../../../arm-none-eabi/lib/armv7e-m/fpu\libc_nano.a(lib_a-nano-mallocr.o)
                0x2000044c                __malloc_sbrk_start
 .bss.__malloc_free_list
                0x20000450        0x4 c:/eclipse/cpp-neon/eclipse/plugins/fr.ac6.mcu.externaltools.arm-none.win32_1.7.0.201602121829/tools/compiler/bin/../lib/gcc/arm-none-eabi/5.2.1/../../../../arm-none-eabi/lib/armv7e-m/fpu\libc_nano.a(lib_a-nano-mallocr.o)
                0x20000450                __malloc_free_list
 .bss.heap_end.4169
                0x20000454        0x4 c:/eclipse/cpp-neon/eclipse/plugins/fr.ac6.mcu.externaltools.arm-none.win32_1.7.0.201602121829/tools/compiler/bin/../lib/gcc/arm-none-eabi/5.2.1/../../../../arm-none-eabi/lib/armv7e-m/fpu\libnosys.a(sbrk.o)
 *(COMMON)
 COMMON         0x20000458        0x4 Drivers/STM32L4xx_HAL_Driver/Src/stm32l4xx_hal.o
                0x20000458                uwTick
 COMMON         0x2000045c        0x4 Src/adas1000.o
                0x2000045c                new_frame_ready_flag
 COMMON         0x20000460      0x3b4 Src/adas1000_get_save_frame.o
                0x20000460                current_pop_index
                0x20000464                overflow_flag
                0x20000468                frame_ring_buffer
                0x200007a8                secondary_buffer
                0x200007dc                primary_buffer
                0x20000810                current_push_index
 COMMON         0x20000814       0x68 Src/adc.o
                0x20000814                hadc1
 COMMON         0x2000087c       0x24 Src/crc.o
                0x2000087c                hcrc
 COMMON         0x200008a0        0x4 Src/ecg_ring_buffer.o
                0x200008a0                ecg_overflow_flag
 COMMON         0x200008a4       0x14 Src/iwdg.o
                0x200008a4                hiwdg
 COMMON         0x200008b8       0x3c Src/stm32l4xx_hal_timebase_TIM.o
                0x200008b8                htim4
 COMMON         0x200008f4       0xb4 Src/tim.o
                0x200008f4                htim3
                0x20000930                htim1
                0x2000096c                htim2
 COMMON         0x200009a8       0xe0 Src/usart.o
                0x200009a8                huart1
                0x20000a18                huart2
 COMMON         0x20000a88      0x3cc Src/usbd_conf.o
                0x20000a88                hpcd
 COMMON         0x20000e54      0x200 Src/usbd_desc.o
                0x20000e54                USBD_StrDesc
 COMMON         0x20001054      0x2c8 tests/test_global_runner.o
                0x20001054                USBD_Device
                0x20001278                InBuf
                0x200012b8                hspi1
 COMMON         0x2000131c       0x84 tests/unity.o
                0x2000131c                Unity
 COMMON         0x200013a0        0x4 c:/eclipse/cpp-neon/eclipse/plugins/fr.ac6.mcu.externaltools.arm-none.win32_1.7.0.201602121829/tools/compiler/bin/../lib/gcc/arm-none-eabi/5.2.1/../../../../arm-none-eabi/lib/armv7e-m/fpu\libc_nano.a(lib_a-reent.o)
                0x200013a0                errno
                0x200013a4                . = ALIGN (0x4)
                0x200013a4                _ebss = .
                0x200013a4                __bss_end__ = _ebss

._user_heap_stack
                0x200013a4      0x604 load address 0x0800c1f8
                0x200013a8                . = ALIGN (0x8)
 *fill*         0x200013a4        0x4 
                0x200013a8                PROVIDE (end, .)
                [!provide]                PROVIDE (_end, .)
                0x200015a8                . = (. + _Min_Heap_Size)
 *fill*         0x200013a8      0x200 
                0x200019a8                . = (. + _Min_Stack_Size)
 *fill*         0x200015a8      0x400 
                0x200019a8                . = ALIGN (0x8)

/DISCARD/
 libc.a(*)
 libm.a(*)
 libgcc.a(*)

.ARM.attributes
                0x00000000       0x30
 *(.ARM.attributes)
 .ARM.attributes
                0x00000000       0x22 c:/eclipse/cpp-neon/eclipse/plugins/fr.ac6.mcu.externaltools.arm-none.win32_1.7.0.201602121829/tools/compiler/bin/../lib/gcc/arm-none-eabi/5.2.1/armv7e-m/fpu/crti.o
 .ARM.attributes
                0x00000022       0x34 c:/eclipse/cpp-neon/eclipse/plugins/fr.ac6.mcu.externaltools.arm-none.win32_1.7.0.201602121829/tools/compiler/bin/../lib/gcc/arm-none-eabi/5.2.1/armv7e-m/fpu/crtbegin.o
 .ARM.attributes
                0x00000056       0x21 Drivers/CMSIS/Device/ST/STM32L4xx/Source/Templates/gcc/startup_stm32l476xx.o
 .ARM.attributes
                0x00000077       0x39 Drivers/CMSIS/Device/ST/STM32L4xx/Source/Templates/system_stm32l4xx.o
 .ARM.attributes
                0x000000b0       0x39 Drivers/STM32L4xx_HAL_Driver/Src/stm32l4xx_hal.o
 .ARM.attributes
                0x000000e9       0x39 Drivers/STM32L4xx_HAL_Driver/Src/stm32l4xx_hal_adc.o
 .ARM.attributes
                0x00000122       0x39 Drivers/STM32L4xx_HAL_Driver/Src/stm32l4xx_hal_adc_ex.o
 .ARM.attributes
                0x0000015b       0x39 Drivers/STM32L4xx_HAL_Driver/Src/stm32l4xx_hal_cortex.o
 .ARM.attributes
                0x00000194       0x39 Drivers/STM32L4xx_HAL_Driver/Src/stm32l4xx_hal_crc.o
 .ARM.attributes
                0x000001cd       0x39 Drivers/STM32L4xx_HAL_Driver/Src/stm32l4xx_hal_crc_ex.o
 .ARM.attributes
                0x00000206       0x39 Drivers/STM32L4xx_HAL_Driver/Src/stm32l4xx_hal_gpio.o
 .ARM.attributes
                0x0000023f       0x39 Drivers/STM32L4xx_HAL_Driver/Src/stm32l4xx_hal_iwdg.o
 .ARM.attributes
                0x00000278       0x39 Drivers/STM32L4xx_HAL_Driver/Src/stm32l4xx_hal_pcd.o
 .ARM.attributes
                0x000002b1       0x39 Drivers/STM32L4xx_HAL_Driver/Src/stm32l4xx_hal_pcd_ex.o
 .ARM.attributes
                0x000002ea       0x39 Drivers/STM32L4xx_HAL_Driver/Src/stm32l4xx_hal_pwr_ex.o
 .ARM.attributes
                0x00000323       0x39 Drivers/STM32L4xx_HAL_Driver/Src/stm32l4xx_hal_rcc.o
 .ARM.attributes
                0x0000035c       0x39 Drivers/STM32L4xx_HAL_Driver/Src/stm32l4xx_hal_rcc_ex.o
 .ARM.attributes
                0x00000395       0x39 Drivers/STM32L4xx_HAL_Driver/Src/stm32l4xx_hal_spi.o
 .ARM.attributes
                0x000003ce       0x39 Drivers/STM32L4xx_HAL_Driver/Src/stm32l4xx_hal_tim.o
 .ARM.attributes
                0x00000407       0x39 Drivers/STM32L4xx_HAL_Driver/Src/stm32l4xx_hal_tim_ex.o
 .ARM.attributes
                0x00000440       0x39 Drivers/STM32L4xx_HAL_Driver/Src/stm32l4xx_hal_uart.o
 .ARM.attributes
                0x00000479       0x39 Drivers/STM32L4xx_HAL_Driver/Src/stm32l4xx_ll_usb.o
 .ARM.attributes
                0x000004b2       0x39 Middlewares/ST/STM32_USB_Device_Library/Class/HID/Src/usbd_hid.o
 .ARM.attributes
                0x000004eb       0x39 Middlewares/ST/STM32_USB_Device_Library/Core/Src/usbd_core.o
 .ARM.attributes
                0x00000524       0x39 Middlewares/ST/STM32_USB_Device_Library/Core/Src/usbd_ctlreq.o
 .ARM.attributes
                0x0000055d       0x39 Middlewares/ST/STM32_USB_Device_Library/Core/Src/usbd_ioreq.o
 .ARM.attributes
                0x00000596       0x39 Middlewares/Third_Party/FreeRTOS/Source/CMSIS_RTOS/cmsis_os.o
 .ARM.attributes
                0x000005cf       0x39 Middlewares/Third_Party/FreeRTOS/Source/list.o
 .ARM.attributes
                0x00000608       0x39 Middlewares/Third_Party/FreeRTOS/Source/tasks.o
 .ARM.attributes
                0x00000641       0x39 Middlewares/Third_Party/FreeRTOS/Source/portable/GCC/ARM_CM4F/port.o
 .ARM.attributes
                0x0000067a       0x39 Src/adas1000.o
 .ARM.attributes
                0x000006b3       0x39 Src/adas1000_get_save_frame.o
 .ARM.attributes
                0x000006ec       0x39 Src/adc.o
 .ARM.attributes
                0x00000725       0x39 Src/configure_adas1000.o
 .ARM.attributes
                0x0000075e       0x39 Src/crc.o
 .ARM.attributes
                0x00000797       0x39 Src/ecg_ring_buffer.o
 .ARM.attributes
                0x000007d0       0x39 Src/frame_ring_buffer.o
 .ARM.attributes
                0x00000809       0x39 Src/gpio.o
 .ARM.attributes
                0x00000842       0x39 Src/iwdg.o
 .ARM.attributes
                0x0000087b       0x39 Src/putchar.o
 .ARM.attributes
                0x000008b4       0x39 Src/spi.o
 .ARM.attributes
                0x000008ed       0x39 Src/spi_low_level.o
 .ARM.attributes
                0x00000926       0x39 Src/stm32l4xx_hal_msp.o
 .ARM.attributes
                0x0000095f       0x39 Src/stm32l4xx_hal_timebase_TIM.o
 .ARM.attributes
                0x00000998       0x39 Src/stm32l4xx_it.o
 .ARM.attributes
                0x000009d1       0x39 Src/tim.o
 .ARM.attributes
                0x00000a0a       0x39 Src/timer250hz_irqhandler.o
 .ARM.attributes
                0x00000a43       0x39 Src/usart.o
 .ARM.attributes
                0x00000a7c       0x39 Src/usbd_conf.o
 .ARM.attributes
                0x00000ab5       0x39 Src/usbd_desc.o
 .ARM.attributes
                0x00000aee       0x39 tests/test_ecg_ring_buffer.o
 .ARM.attributes
                0x00000b27       0x39 tests/test_frame_ring_buffer.o
 .ARM.attributes
                0x00000b60       0x39 tests/test_global_runner.o
 .ARM.attributes
                0x00000b99       0x39 tests/test_spi_low_level.o
 .ARM.attributes
                0x00000bd2       0x39 tests/unity.o
 .ARM.attributes